Archive member included to satisfy reference by file (symbol)

/opt/homebrew/Cellar/avr-gcc@8/8.5.0_3/lib/avr-gcc/8/gcc/avr/8.5.0/avr5/libgcc.a(_udivmodqi4.o)
                              main.o (__udivmodqi4)
/opt/homebrew/Cellar/avr-gcc@8/8.5.0_3/lib/avr-gcc/8/gcc/avr/8.5.0/avr5/libgcc.a(_udivmodhi4.o)
                              main.o (__udivmodhi4)
/opt/homebrew/Cellar/avr-gcc@8/8.5.0_3/lib/avr-gcc/8/gcc/avr/8.5.0/avr5/libgcc.a(_divmodhi4.o)
                              main.o (__divmodhi4)
/opt/homebrew/Cellar/avr-gcc@8/8.5.0_3/lib/avr-gcc/8/gcc/avr/8.5.0/avr5/libgcc.a(_udivmodsi4.o)
                              main.o (__udivmodsi4)
/opt/homebrew/Cellar/avr-gcc@8/8.5.0_3/lib/avr-gcc/8/gcc/avr/8.5.0/avr5/libgcc.a(_exit.o)
                              /opt/homebrew/Cellar/avr-gcc@8/8.5.0_3/lib/avr-gcc/8/gcc/avr/8.5.0/../../../../../../avr/lib/avr5/crtatmega328pb.o (exit)
/opt/homebrew/Cellar/avr-gcc@8/8.5.0_3/lib/avr-gcc/8/gcc/avr/8.5.0/avr5/libgcc.a(_tablejump2.o)
                              main.o (__tablejump2__)
/opt/homebrew/Cellar/avr-gcc@8/8.5.0_3/lib/avr-gcc/8/gcc/avr/8.5.0/avr5/libgcc.a(_copy_data.o)
                              main.o (__do_copy_data)
/opt/homebrew/Cellar/avr-gcc@8/8.5.0_3/lib/avr-gcc/8/gcc/avr/8.5.0/avr5/libgcc.a(_clear_bss.o)
                              main.o (__do_clear_bss)
/opt/homebrew/Cellar/avr-gcc@8/8.5.0_3/lib/avr-gcc/8/gcc/avr/8.5.0/avr5/libgcc.a(_muluhisi3.o)
                              main.o (__muluhisi3)
/opt/homebrew/Cellar/avr-gcc@8/8.5.0_3/lib/avr-gcc/8/gcc/avr/8.5.0/avr5/libgcc.a(_umulhisi3.o)
                              /opt/homebrew/Cellar/avr-gcc@8/8.5.0_3/lib/avr-gcc/8/gcc/avr/8.5.0/avr5/libgcc.a(_muluhisi3.o) (__umulhisi3)
/opt/homebrew/Cellar/avr-gcc@8/8.5.0_3/lib/avr-gcc/8/gcc/avr/8.5.0/../../../../../../avr/lib/avr5/libc.a(strtol.o)
                              main.o (strtol)
/opt/homebrew/Cellar/avr-gcc@8/8.5.0_3/lib/avr-gcc/8/gcc/avr/8.5.0/../../../../../../avr/lib/avr5/libc.a(strtoul.o)
                              main.o (strtoul)
/opt/homebrew/Cellar/avr-gcc@8/8.5.0_3/lib/avr-gcc/8/gcc/avr/8.5.0/../../../../../../avr/lib/avr5/libc.a(isspace.o)
                              interpretacjaSMS.o (isspace)
/opt/homebrew/Cellar/avr-gcc@8/8.5.0_3/lib/avr-gcc/8/gcc/avr/8.5.0/../../../../../../avr/lib/avr5/libc.a(toupper.o)
                              interpretacjaSMS.o (toupper)
/opt/homebrew/Cellar/avr-gcc@8/8.5.0_3/lib/avr-gcc/8/gcc/avr/8.5.0/../../../../../../avr/lib/avr5/libc.a(memcmp_P.o)
                              interpretacjaSMS.o (memcmp_P)
/opt/homebrew/Cellar/avr-gcc@8/8.5.0_3/lib/avr-gcc/8/gcc/avr/8.5.0/../../../../../../avr/lib/avr5/libc.a(memcpy_P.o)
                              main.o (memcpy_P)
/opt/homebrew/Cellar/avr-gcc@8/8.5.0_3/lib/avr-gcc/8/gcc/avr/8.5.0/../../../../../../avr/lib/avr5/libc.a(strcat_P.o)
                              main.o (strcat_P)
/opt/homebrew/Cellar/avr-gcc@8/8.5.0_3/lib/avr-gcc/8/gcc/avr/8.5.0/../../../../../../avr/lib/avr5/libc.a(strcpy_P.o)
                              main.o (strcpy_P)
/opt/homebrew/Cellar/avr-gcc@8/8.5.0_3/lib/avr-gcc/8/gcc/avr/8.5.0/../../../../../../avr/lib/avr5/libc.a(strncasecmp_P.o)
                              interpretacjaSMS.o (strncasecmp_P)
/opt/homebrew/Cellar/avr-gcc@8/8.5.0_3/lib/avr-gcc/8/gcc/avr/8.5.0/../../../../../../avr/lib/avr5/libc.a(strncmp_P.o)
                              main.o (strncmp_P)
/opt/homebrew/Cellar/avr-gcc@8/8.5.0_3/lib/avr-gcc/8/gcc/avr/8.5.0/../../../../../../avr/lib/avr5/libc.a(strstr_P.o)
                              main.o (strstr_P)
/opt/homebrew/Cellar/avr-gcc@8/8.5.0_3/lib/avr-gcc/8/gcc/avr/8.5.0/../../../../../../avr/lib/avr5/libc.a(memcmp.o)
                              main.o (memcmp)
/opt/homebrew/Cellar/avr-gcc@8/8.5.0_3/lib/avr-gcc/8/gcc/avr/8.5.0/../../../../../../avr/lib/avr5/libc.a(memcpy.o)
                              main.o (memcpy)
/opt/homebrew/Cellar/avr-gcc@8/8.5.0_3/lib/avr-gcc/8/gcc/avr/8.5.0/../../../../../../avr/lib/avr5/libc.a(memset.o)
                              main.o (memset)
/opt/homebrew/Cellar/avr-gcc@8/8.5.0_3/lib/avr-gcc/8/gcc/avr/8.5.0/../../../../../../avr/lib/avr5/libc.a(strcat.o)
                              main.o (strcat)
/opt/homebrew/Cellar/avr-gcc@8/8.5.0_3/lib/avr-gcc/8/gcc/avr/8.5.0/../../../../../../avr/lib/avr5/libc.a(strchr.o)
                              main.o (strchr)
/opt/homebrew/Cellar/avr-gcc@8/8.5.0_3/lib/avr-gcc/8/gcc/avr/8.5.0/../../../../../../avr/lib/avr5/libc.a(strcmp.o)
                              interpretacjaSMS.o (strcmp)
/opt/homebrew/Cellar/avr-gcc@8/8.5.0_3/lib/avr-gcc/8/gcc/avr/8.5.0/../../../../../../avr/lib/avr5/libc.a(strcpy.o)
                              main.o (strcpy)
/opt/homebrew/Cellar/avr-gcc@8/8.5.0_3/lib/avr-gcc/8/gcc/avr/8.5.0/../../../../../../avr/lib/avr5/libc.a(strncpy.o)
                              main.o (strncpy)
[...]
Memory Configuration

Name             Origin             Length             Attributes
text             0x00000000         0x00008000         xr
data             0x00800100         0x00000800         rw!x
eeprom           0x00810000         0x00000400         rw!x
fuse             0x00820000         0x00000003         rw!x
lock             0x00830000         0x00000400         rw!x
signature        0x00840000         0x00000400         rw!x
user_signatures  0x00850000         0x00000400         rw!x
*default*        0x00000000         0xffffffff

Linker script and memory map

Address of section .data set to 0x800100
LOAD /opt/homebrew/Cellar/avr-gcc@8/8.5.0_3/lib/avr-gcc/8/gcc/avr/8.5.0/../../../../../../avr/lib/avr5/crtatmega328pb.o
LOAD main.o
LOAD wewy.o
LOAD sim900.o
LOAD poleceniagsm.o
LOAD pamiec_ram.o
LOAD interpretacjaSMS.o
LOAD komendy.o
LOAD konfiguracja.o
LOAD zapiseeprom.o
LOAD pdu.o
LOAD uart1_eeprom.o
LOAD at24c512.o
LOAD eeprom_ext.o
LOAD /opt/homebrew/Cellar/avr-gcc@8/8.5.0_3/lib/avr-gcc/8/gcc/avr/8.5.0/../../../../../../avr/lib/avr5/libm.a
START GROUP
LOAD /opt/homebrew/Cellar/avr-gcc@8/8.5.0_3/lib/avr-gcc/8/gcc/avr/8.5.0/avr5/libgcc.a
LOAD /opt/homebrew/Cellar/avr-gcc@8/8.5.0_3/lib/avr-gcc/8/gcc/avr/8.5.0/../../../../../../avr/lib/avr5/libm.a
LOAD /opt/homebrew/Cellar/avr-gcc@8/8.5.0_3/lib/avr-gcc/8/gcc/avr/8.5.0/../../../../../../avr/lib/avr5/libc.a
LOAD /opt/homebrew/Cellar/avr-gcc@8/8.5.0_3/lib/avr-gcc/8/gcc/avr/8.5.0/../../../../../../avr/lib/avr5/libatmega328pb.a
END GROUP
                [0x00000000]                      __TEXT_REGION_ORIGIN__ = DEFINED (__TEXT_REGION_ORIGIN__)?__TEXT_REGION_ORIGIN__:0x0
                [0x00008000]                      __TEXT_REGION_LENGTH__ = DEFINED (__TEXT_REGION_LENGTH__)?__TEXT_REGION_LENGTH__:0x20000
                [0x00800100]                      __DATA_REGION_ORIGIN__ = DEFINED (__DATA_REGION_ORIGIN__)?__DATA_REGION_ORIGIN__:0x800060
                [0x00000800]                      __DATA_REGION_LENGTH__ = DEFINED (__DATA_REGION_LENGTH__)?__DATA_REGION_LENGTH__:0xffa0
                [0x00000400]                      __EEPROM_REGION_LENGTH__ = DEFINED (__EEPROM_REGION_LENGTH__)?__EEPROM_REGION_LENGTH__:0x10000
                [0x00000003]                      __FUSE_REGION_LENGTH__ = DEFINED (__FUSE_REGION_LENGTH__)?__FUSE_REGION_LENGTH__:0x400
                0x00000400                        __LOCK_REGION_LENGTH__ = DEFINED (__LOCK_REGION_LENGTH__)?__LOCK_REGION_LENGTH__:0x400
                0x00000400                        __SIGNATURE_REGION_LENGTH__ = DEFINED (__SIGNATURE_REGION_LENGTH__)?__SIGNATURE_REGION_LENGTH__:0x400
                0x00000400                        __USER_SIGNATURE_REGION_LENGTH__ = DEFINED (__USER_SIGNATURE_REGION_LENGTH__)?__USER_SIGNATURE_REGION_LENGTH__:0x400

.hash
 *(.hash)

.dynsym
 *(.dynsym)

.dynstr
 *(.dynstr)

.gnu.version
 *(.gnu.version)

.gnu.version_d
 *(.gnu.version_d)

.gnu.version_r
 *(.gnu.version_r)

.rel.init
 *(.rel.init)

.rela.init
 *(.rela.init)

.rel.text
 *(.rel.text)
 *(.rel.text.*)
 *(.rel.gnu.linkonce.t*)

.rela.text
 *(.rela.text)
 *(.rela.text.*)
 *(.rela.gnu.linkonce.t*)

.rel.fini
 *(.rel.fini)

.rela.fini
 *(.rela.fini)

.rel.rodata
 *(.rel.rodata)
 *(.rel.rodata.*)
 *(.rel.gnu.linkonce.r*)

.rela.rodata
 *(.rela.rodata)
 *(.rela.rodata.*)
 *(.rela.gnu.linkonce.r*)

.rel.data
 *(.rel.data)
 *(.rel.data.*)
 *(.rel.gnu.linkonce.d*)

.rela.data
 *(.rela.data)
 *(.rela.data.*)
 *(.rela.gnu.linkonce.d*)

.rel.ctors
 *(.rel.ctors)

.rela.ctors
 *(.rela.ctors)

.rel.dtors
 *(.rel.dtors)

.rela.dtors
 *(.rela.dtors)

.rel.got
 *(.rel.got)

.rela.got
 *(.rela.got)

.rel.bss
 *(.rel.bss)

.rela.bss
 *(.rela.bss)

.rel.plt
 *(.rel.plt)

.rela.plt
 *(.rela.plt)

.text           0x00000000     0x6c9e
 *(.vectors)
 .vectors       0x00000000       0xb4 /opt/homebrew/Cellar/avr-gcc@8/8.5.0_3/lib/avr-gcc/8/gcc/avr/8.5.0/../../../../../../avr/lib/avr5/crtatmega328pb.o
                0x00000000                __vectors
                0x00000000                __vector_default
 *(.vectors)
                0x000000b4                        __progmem_start = .
 *(.progmem)
 *(.progmem.*)
 .progmem.data  0x000000b4      0x2d3 main.o
 .progmem.data  0x00000387       0x72 poleceniagsm.o
 .progmem.data  0x000003f9      0x12f interpretacjaSMS.o
 .progmem.data  0x00000528       0x10 konfiguracja.o
 .progmem.data  0x00000538      0x191 pdu.o
                0x000006c9                        __progmem_end = .
                0x00000001                        ASSERT (((__progmem_start == __progmem_end) || (__progmem_end <= 0x10000)), .progmem section exceeds 0x10000)
                0x000006ca                        . = ALIGN (0x2)
 *fill*         0x000006c9        0x1 
                0x000006ca                        __trampolines_start = .
 *(.trampolines)
 .trampolines   0x000006ca        0x0 linker stubs
 *(.trampolines*)
                0x000006ca                        __trampolines_end = .
                0x000006ca                        . = ALIGN (0x2)
 *(.lowtext)
 *(.lowtext*)
                0x000006ca                        __ctors_start = .
 *(.ctors)
                0x000006ca                        __ctors_end = .
                0x000006ca                        __dtors_start = .
 *(.dtors)
                0x000006ca                        __dtors_end = .
 SORT_BY_NAME(*)(.ctors)
 SORT_BY_NAME(*)(.dtors)
 *(.init0)
 .init0         0x000006ca        0x0 /opt/homebrew/Cellar/avr-gcc@8/8.5.0_3/lib/avr-gcc/8/gcc/avr/8.5.0/../../../../../../avr/lib/avr5/crtatmega328pb.o
                0x000006ca                __init
 *(.init0)
 *(.init1)
 *(.init1)
 *(.init2)
 .init2         0x000006ca        0xc /opt/homebrew/Cellar/avr-gcc@8/8.5.0_3/lib/avr-gcc/8/gcc/avr/8.5.0/../../../../../../avr/lib/avr5/crtatmega328pb.o
 *(.init2)
 *(.init3)
 *(.init3)
 *(.init4)
 .init4         0x000006d6       0x16 /opt/homebrew/Cellar/avr-gcc@8/8.5.0_3/lib/avr-gcc/8/gcc/avr/8.5.0/avr5/libgcc.a(_copy_data.o)
                0x000006d6                __do_copy_data
 .init4         0x000006ec       0x10 /opt/homebrew/Cellar/avr-gcc@8/8.5.0_3/lib/avr-gcc/8/gcc/avr/8.5.0/avr5/libgcc.a(_clear_bss.o)
                0x000006ec                __do_clear_bss
 *(.init4)
 *(.init5)
 *(.init5)
 *(.init6)
 *(.init6)
 *(.init7)
 *(.init7)
 *(.init8)
 *(.init8)
 *(.init9)
 .init9         0x000006fc        0x8 /opt/homebrew/Cellar/avr-gcc@8/8.5.0_3/lib/avr-gcc/8/gcc/avr/8.5.0/../../../../../../avr/lib/avr5/crtatmega328pb.o
 *(.init9)
 *(.text)
 .text          0x00000704        0x4 /opt/homebrew/Cellar/avr-gcc@8/8.5.0_3/lib/avr-gcc/8/gcc/avr/8.5.0/../../../../../../avr/lib/avr5/crtatmega328pb.o
                0x00000704                __vector_42
                0x00000704                __vector_22
                0x00000704                __vector_28
                0x00000704                __vector_1
                0x00000704                __vector_32
                0x00000704                __vector_34
                0x00000704                __vector_24
                0x00000704                __vector_12
                0x00000704                __bad_interrupt
                0x00000704                __vector_6
                0x00000704                __vector_31
                0x00000704                __vector_35
                0x00000704                __vector_39
                0x00000704                __vector_3
                0x00000704                __vector_23
                0x00000704                __vector_30
                0x00000704                __vector_25
                0x00000704                __vector_11
                0x00000704                __vector_13
                0x00000704                __vector_17
                0x00000704                __vector_19
                0x00000704                __vector_7
                0x00000704                __vector_41
                0x00000704                __vector_43
                0x00000704                __vector_27
                0x00000704                __vector_5
                0x00000704                __vector_33
                0x00000704                __vector_37
                0x00000704                __vector_4
                0x00000704                __vector_44
                0x00000704                __vector_9
                0x00000704                __vector_2
                0x00000704                __vector_21
                0x00000704                __vector_15
                0x00000704                __vector_36
                0x00000704                __vector_29
                0x00000704                __vector_40
                0x00000704                __vector_8
                0x00000704                __vector_26
                0x00000704                __vector_10
                0x00000704                __vector_16
                0x00000704                __vector_38
 .text          0x00000708     0x3356 main.o
                0x000007d8                test_dioda_wyjscia
                0x00000806                test_wejscie
                0x00000816                __vector_14
                0x00000910                generuj_raport_sieci
                0x00000994                generuj_raport_uzytkownikow_1
                0x00000a5e                generuj_raport_uzytkownikow
                0x00000af4                generuj_raport_stanu_urzadzenia
                0x00000e34                wymus_wylaczenie_wyjscia
                0x00000e4c                ustaw_wyjscie_clip
                0x00000ec2                sprawdz_blokade_serwisowa
                0x00000ec4                wykonanie_polecenia_sms
                0x0000134c                steruj_wejsciem_reset_100ms
                0x00001394                sprawdz_przychodzaca_rozmowe
                0x0000145a                zakonczono_rozmowe_telefoniczna
                0x0000152c                zakonczono_wysylanie_smsa
                0x00001538                problem_z_wyslaniem_powiadomienia
                0x00001560                wyzerowanie_danych_SIM900
                0x0000158e                reset_modulu_SIM900
                0x000015e8                obsluga_wysylania_sms
                0x000016f2                odpowiedz_na_polecenie
                0x00001cd2                obsluga_komendy_SIM900
                0x0000200a                wyslanie_polecenia_ROM
                0x00002038                wyslij_sms
                0x0000213a                wykonanie_komend_SIM900
                0x0000293e                steruj_SIM900_100MS
                0x00002b16                steruj_SIM900_10MS
                0x00002cd6                wykonanie_komend_powiadomien
                0x0000302c                test_sms_clip_100ms
                0x0000302e                steruj_wejscia_wyjscia_100ms
                0x0000303a                zapis_w_eeprom_stanu_wyjsc
                0x000030b4                steruj_urzadzeniem_100MS
                0x00003386                steruj_urzadzeniem_10MS
                0x00003392                wolne_zdarzenie_timer
                0x00003470                ustaw_parametry_dla_bezpieczenstwa
                0x00003490                inicjalizuj_parametry_modulu
                0x00003678                wykonanie_komend_ukladow
                0x00003a46                wykonanie_komend
 .text          0x00003a5e      0x2f2 wewy.o
                0x00003a5e                aktualny_stan_logiczny_na_wejsciu
                0x00003a72                aktualizuj_stan_wyzwolenia_wejsc_100ms
                0x00003bb0                steruj_wejscia_10ms
                0x00003bc4                steruj_wyjscia_100ms
                0x00003cd4                kopiuj_parametry_we_wy_z_eeprom
                0x00003d34                inicjalizuj_parametry_we_wy
 .text          0x00003d50      0x410 sim900.o
                0x00003d50                wyslij_znaki_SIM900
                0x00003d82                wyslij_polecenie_ROM_SIM900
                0x00003dbc                wyslij_polecenie_RAM_SIM900
                0x00003de6                __vector_20
                0x00003e5c                __vector_18
                0x0000409c                inicjalizacja_SIM900
                0x000040c0                zakonczenie_procedury_inicjalizacyjnej
                0x000040e8                procedura_inicjalizacyjna_SIM900_100MS
 .text          0x00004160      0x46e poleceniagsm.o
                0x00004160                porownaj_znaki
                0x0000418e                resetuj_polecenie_konczace
                0x000041a6                polecenia_konczace_gsm
                0x0000458a                czy_jest_nowa_komenda_SIM900
 .text          0x000045ce        0x0 pamiec_ram.o
 .text          0x000045ce      0x93c interpretacjaSMS.o
                0x00004656                sprawdz_kod
                0x000046c0                sprawdz_reset_ustawien
                0x000046d8                interpretuj_instrukcje_sms
                0x000046dc                pobierz_long
                0x00004722                pomin_znak
                0x0000477e                czy_jest_znak
                0x000047e4                pobierz_wyraz
                0x00004864                pobierz_numer_telefonu
                0x00004978                interpretuj_wiadomosc_sms
 .text          0x00004f0a       0xb0 komendy.o
                0x00004f0a                dodaj_komende
                0x00004f2e                filtruj_i_dodaj_komende
                0x00004f56                filtruj_komendy_z_przedzialu
                0x00004f86                usun_komende
                0x00004f9c                czy_sa_komendy_z_przedzialu
 .text          0x00004fba      0x270 konfiguracja.o
                0x00004fba                konwersja_znaku_telefonu
                0x00004fe0                konwertuj_telefon_na_blok_eeprom
                0x00005066                konwersja_znaku_telefonu_eeprom
                0x00005072                konwertuj_blok_eeprom_na_telefon
                0x00005132                kopiuj_blok_eeprom_na_telefon
                0x0000517a                porownaj_numer_telefonu_blok
                0x000051d8                porownaj_numer_telefonu
 .text          0x0000522a      0x1a4 zapiseeprom.o
                0x0000522a                zapisz_bajt_w_EEPROM
                0x000052e0                zapisz_znaki_w_eeprom
                0x00005322                zapisz_znaki_w_eeprom_bez_kopiowania
                0x00005340                zapisz_znak_w_eeprom
                0x00005380                eeprom_read_3char
 .text          0x000053ce      0x4a4 pdu.o
                0x000053ce                pdu_to_ascii
                0x00005478                ascii_to_pdu_blok
                0x00005566                konwertuj_blok_dwa_znaki_na_znak_pdu
                0x000055a0                pobierz_numer_telefonu_nadawcy_z_PDU
                0x00005652                pobierz_date_z_PDU
                0x00005698                pobierz_czas_z_PDU
                0x000056de                wpisz_telefon_w_formacie_sms
                0x0000575e                wpisz_centrum_sms_w_formacie_sms
                0x000057e8                zapisz_naglowek_pdu
                0x00005820                konwertuj_pdu_na_blok_wysylany
 .text          0x00005872      0x1ee uart1_eeprom.o
                0x00005872                uart1_init
                0x00005896                uart1_putc
                0x000058a4                uart1_getc
                0x000058b2                uart1_data_available
                0x000058be                uart1_puts
                0x000058d6                uart1_process_commands
 .text          0x00005a60      0x210 at24c512.o
                0x00005aa0                at24c512_init
                0x00005ab8                at24c512_read_byte
                0x00005b14                at24c512_read_block
                0x00005bcc                at24c512_write_byte
                0x00005c06                at24c512_is_ready
                0x00005c28                at24c512_write_block
 .text          0x00005c70       0xae eeprom_ext.o
                0x00005c70                eeprom_read_byte
                0x00005c74                eeprom_write_byte
                0x00005c82                eeprom_update_byte
                0x00005caa                eeprom_read_block
                0x00005cb6                eeprom_update_block
                0x00005cca                eeprom_read_dword
                0x00005d1a                eeprom_is_ready
 .text          0x00005d1e        0x0 /opt/homebrew/Cellar/avr-gcc@8/8.5.0_3/lib/avr-gcc/8/gcc/avr/8.5.0/avr5/libgcc.a(_udivmodqi4.o)
 .text          0x00005d1e        0x0 /opt/homebrew/Cellar/avr-gcc@8/8.5.0_3/lib/avr-gcc/8/gcc/avr/8.5.0/avr5/libgcc.a(_udivmodhi4.o)
 .text          0x00005d1e        0x0 /opt/homebrew/Cellar/avr-gcc@8/8.5.0_3/lib/avr-gcc/8/gcc/avr/8.5.0/avr5/libgcc.a(_divmodhi4.o)
 .text          0x00005d1e        0x0 /opt/homebrew/Cellar/avr-gcc@8/8.5.0_3/lib/avr-gcc/8/gcc/avr/8.5.0/avr5/libgcc.a(_udivmodsi4.o)
 .text          0x00005d1e        0x0 /opt/homebrew/Cellar/avr-gcc@8/8.5.0_3/lib/avr-gcc/8/gcc/avr/8.5.0/avr5/libgcc.a(_exit.o)
 .text          0x00005d1e        0x0 /opt/homebrew/Cellar/avr-gcc@8/8.5.0_3/lib/avr-gcc/8/gcc/avr/8.5.0/avr5/libgcc.a(_tablejump2.o)
 .text          0x00005d1e        0x0 /opt/homebrew/Cellar/avr-gcc@8/8.5.0_3/lib/avr-gcc/8/gcc/avr/8.5.0/avr5/libgcc.a(_copy_data.o)
 .text          0x00005d1e        0x0 /opt/homebrew/Cellar/avr-gcc@8/8.5.0_3/lib/avr-gcc/8/gcc/avr/8.5.0/avr5/libgcc.a(_clear_bss.o)
 .text          0x00005d1e        0x0 /opt/homebrew/Cellar/avr-gcc@8/8.5.0_3/lib/avr-gcc/8/gcc/avr/8.5.0/avr5/libgcc.a(_muluhisi3.o)
 .text          0x00005d1e        0x0 /opt/homebrew/Cellar/avr-gcc@8/8.5.0_3/lib/avr-gcc/8/gcc/avr/8.5.0/avr5/libgcc.a(_umulhisi3.o)
 .text          0x00005d1e        0x0 /opt/homebrew/Cellar/avr-gcc@8/8.5.0_3/lib/avr-gcc/8/gcc/avr/8.5.0/../../../../../../avr/lib/avr5/libc.a(strtol.o)
 .text          0x00005d1e        0x0 /opt/homebrew/Cellar/avr-gcc@8/8.5.0_3/lib/avr-gcc/8/gcc/avr/8.5.0/../../../../../../avr/lib/avr5/libc.a(strtoul.o)
 .text          0x00005d1e        0x0 /opt/homebrew/Cellar/avr-gcc@8/8.5.0_3/lib/avr-gcc/8/gcc/avr/8.5.0/../../../../../../avr/lib/avr5/libc.a(isspace.o)
 .text          0x00005d1e        0x0 /opt/homebrew/Cellar/avr-gcc@8/8.5.0_3/lib/avr-gcc/8/gcc/avr/8.5.0/../../../../../../avr/lib/avr5/libc.a(toupper.o)
 .text          0x00005d1e        0x0 /opt/homebrew/Cellar/avr-gcc@8/8.5.0_3/lib/avr-gcc/8/gcc/avr/8.5.0/../../../../../../avr/lib/avr5/libc.a(memcmp_P.o)
 .text          0x00005d1e        0x0 /opt/homebrew/Cellar/avr-gcc@8/8.5.0_3/lib/avr-gcc/8/gcc/avr/8.5.0/../../../../../../avr/lib/avr5/libc.a(memcpy_P.o)
 .text          0x00005d1e        0x0 /opt/homebrew/Cellar/avr-gcc@8/8.5.0_3/lib/avr-gcc/8/gcc/avr/8.5.0/../../../../../../avr/lib/avr5/libc.a(strcat_P.o)
 .text          0x00005d1e        0x0 /opt/homebrew/Cellar/avr-gcc@8/8.5.0_3/lib/avr-gcc/8/gcc/avr/8.5.0/../../../../../../avr/lib/avr5/libc.a(strcpy_P.o)
 .text          0x00005d1e        0x0 /opt/homebrew/Cellar/avr-gcc@8/8.5.0_3/lib/avr-gcc/8/gcc/avr/8.5.0/../../../../../../avr/lib/avr5/libc.a(strncasecmp_P.o)
 .text          0x00005d1e        0x0 /opt/homebrew/Cellar/avr-gcc@8/8.5.0_3/lib/avr-gcc/8/gcc/avr/8.5.0/../../../../../../avr/lib/avr5/libc.a(strncmp_P.o)
 .text          0x00005d1e        0x0 /opt/homebrew/Cellar/avr-gcc@8/8.5.0_3/lib/avr-gcc/8/gcc/avr/8.5.0/../../../../../../avr/lib/avr5/libc.a(strstr_P.o)
 .text          0x00005d1e        0x0 /opt/homebrew/Cellar/avr-gcc@8/8.5.0_3/lib/avr-gcc/8/gcc/avr/8.5.0/../../../../../../avr/lib/avr5/libc.a(memcmp.o)
 .text          0x00005d1e        0x0 /opt/homebrew/Cellar/avr-gcc@8/8.5.0_3/lib/avr-gcc/8/gcc/avr/8.5.0/../../../../../../avr/lib/avr5/libc.a(memcpy.o)
 .text          0x00005d1e        0x0 /opt/homebrew/Cellar/avr-gcc@8/8.5.0_3/lib/avr-gcc/8/gcc/avr/8.5.0/../../../../../../avr/lib/avr5/libc.a(memset.o)
 .text          0x00005d1e        0x0 /opt/homebrew/Cellar/avr-gcc@8/8.5.0_3/lib/avr-gcc/8/gcc/avr/8.5.0/../../../../../../avr/lib/avr5/libc.a(strcat.o)
 .text          0x00005d1e        0x0 /opt/homebrew/Cellar/avr-gcc@8/8.5.0_3/lib/avr-gcc/8/gcc/avr/8.5.0/../../../../../../avr/lib/avr5/libc.a(strchr.o)
 .text          0x00005d1e        0x0 /opt/homebrew/Cellar/avr-gcc@8/8.5.0_3/lib/avr-gcc/8/gcc/avr/8.5.0/../../../../../../avr/lib/avr5/libc.a(strcmp.o)
 .text          0x00005d1e        0x0 /opt/homebrew/Cellar/avr-gcc@8/8.5.0_3/lib/avr-gcc/8/gcc/avr/8.5.0/../../../../../../avr/lib/avr5/libc.a(strcpy.o)
 .text          0x00005d1e        0x0 /opt/homebrew/Cellar/avr-gcc@8/8.5.0_3/lib/avr-gcc/8/gcc/avr/8.5.0/../../../../../../avr/lib/avr5/libc.a(strncpy.o)
 .text          0x00005d1e        0x0 /opt/homebrew/Cellar/avr-gcc@8/8.5.0_3/lib/avr-gcc/8/gcc/avr/8.5.0/../../../../../../avr/lib/avr5/libc.a(strstr.o)
 .text          0x00005d1e        0x0 /opt/homebrew/Cellar/avr-gcc@8/8.5.0_3/lib/avr-gcc/8/gcc/avr/8.5.0/../../../../../../avr/lib/avr5/libc.a(utoa_ncheck.o)
 .text          0x00005d1e        0x0 /opt/homebrew/Cellar/avr-gcc@8/8.5.0_3/lib/avr-gcc/8/gcc/avr/8.5.0/../../../../../../avr/lib/avr5/libc.a(sprintf.o)
 .text          0x00005d1e        0x0 /opt/homebrew/Cellar/avr-gcc@8/8.5.0_3/lib/avr-gcc/8/gcc/avr/8.5.0/../../../../../../avr/lib/avr5/libc.a(vfprintf_std.o)
 .text          0x00005d1e        0x0 /opt/homebrew/Cellar/avr-gcc@8/8.5.0_3/lib/avr-gcc/8/gcc/avr/8.5.0/../../../../../../avr/lib/avr5/libc.a(errno.o)
 .text          0x00005d1e        0x0 /opt/homebrew/Cellar/avr-gcc@8/8.5.0_3/lib/avr-gcc/8/gcc/avr/8.5.0/../../../../../../avr/lib/avr5/libc.a(cty_isfalse.o)
 .text          0x00005d1e        0x0 /opt/homebrew/Cellar/avr-gcc@8/8.5.0_3/lib/avr-gcc/8/gcc/avr/8.5.0/../../../../../../avr/lib/avr5/libc.a(strnlen_P.o)
 .text          0x00005d1e        0x0 /opt/homebrew/Cellar/avr-gcc@8/8.5.0_3/lib/avr-gcc/8/gcc/avr/8.5.0/../../../../../../avr/lib/avr5/libc.a(strnlen.o)
 .text          0x00005d1e        0x0 /opt/homebrew/Cellar/avr-gcc@8/8.5.0_3/lib/avr-gcc/8/gcc/avr/8.5.0/../../../../../../avr/lib/avr5/libc.a(strrev.o)
 .text          0x00005d1e        0x0 /opt/homebrew/Cellar/avr-gcc@8/8.5.0_3/lib/avr-gcc/8/gcc/avr/8.5.0/../../../../../../avr/lib/avr5/libc.a(fputc.o)
 .text          0x00005d1e        0x0 /opt/homebrew/Cellar/avr-gcc@8/8.5.0_3/lib/avr-gcc/8/gcc/avr/8.5.0/../../../../../../avr/lib/avr5/libc.a(ultoa_invert.o)
 .text          0x00005d1e        0x0 /opt/homebrew/Cellar/avr-gcc@8/8.5.0_3/lib/avr-gcc/8/gcc/avr/8.5.0/avr5/libgcc.a(_mulsi3.o)
 .text          0x00005d1e        0x0 /opt/homebrew/Cellar/avr-gcc@8/8.5.0_3/lib/avr-gcc/8/gcc/avr/8.5.0/avr5/libgcc.a(_prologue.o)
 .text          0x00005d1e        0x0 /opt/homebrew/Cellar/avr-gcc@8/8.5.0_3/lib/avr-gcc/8/gcc/avr/8.5.0/avr5/libgcc.a(_epilogue.o)
                0x00005d1e                        . = ALIGN (0x2)
 *(.text.*)
 .text.startup  0x00005d1e      0x282 main.o
                0x00005d1e                main
 .text.libgcc.mul
                0x00005fa0        0x0 /opt/homebrew/Cellar/avr-gcc@8/8.5.0_3/lib/avr-gcc/8/gcc/avr/8.5.0/avr5/libgcc.a(_udivmodqi4.o)
 .text.libgcc.div
                0x00005fa0       0x18 /opt/homebrew/Cellar/avr-gcc@8/8.5.0_3/lib/avr-gcc/8/gcc/avr/8.5.0/avr5/libgcc.a(_udivmodqi4.o)
                0x00005fa0                __udivmodqi4
 .text.libgcc   0x00005fb8        0x0 /opt/homebrew/Cellar/avr-gcc@8/8.5.0_3/lib/avr-gcc/8/gcc/avr/8.5.0/avr5/libgcc.a(_udivmodqi4.o)
 .text.libgcc.prologue
                0x00005fb8        0x0 /opt/homebrew/Cellar/avr-gcc@8/8.5.0_3/lib/avr-gcc/8/gcc/avr/8.5.0/avr5/libgcc.a(_udivmodqi4.o)
 .text.libgcc.builtins
                0x00005fb8        0x0 /opt/homebrew/Cellar/avr-gcc@8/8.5.0_3/lib/avr-gcc/8/gcc/avr/8.5.0/avr5/libgcc.a(_udivmodqi4.o)
 .text.libgcc.fmul
                0x00005fb8        0x0 /opt/homebrew/Cellar/avr-gcc@8/8.5.0_3/lib/avr-gcc/8/gcc/avr/8.5.0/avr5/libgcc.a(_udivmodqi4.o)
 .text.libgcc.fixed
                0x00005fb8        0x0 /opt/homebrew/Cellar/avr-gcc@8/8.5.0_3/lib/avr-gcc/8/gcc/avr/8.5.0/avr5/libgcc.a(_udivmodqi4.o)
 .text.libgcc.mul
                0x00005fb8        0x0 /opt/homebrew/Cellar/avr-gcc@8/8.5.0_3/lib/avr-gcc/8/gcc/avr/8.5.0/avr5/libgcc.a(_udivmodhi4.o)
 .text.libgcc.div
                0x00005fb8       0x28 /opt/homebrew/Cellar/avr-gcc@8/8.5.0_3/lib/avr-gcc/8/gcc/avr/8.5.0/avr5/libgcc.a(_udivmodhi4.o)
                0x00005fb8                __udivmodhi4
 .text.libgcc   0x00005fe0        0x0 /opt/homebrew/Cellar/avr-gcc@8/8.5.0_3/lib/avr-gcc/8/gcc/avr/8.5.0/avr5/libgcc.a(_udivmodhi4.o)
 .text.libgcc.prologue
                0x00005fe0        0x0 /opt/homebrew/Cellar/avr-gcc@8/8.5.0_3/lib/avr-gcc/8/gcc/avr/8.5.0/avr5/libgcc.a(_udivmodhi4.o)
 .text.libgcc.builtins
                0x00005fe0        0x0 /opt/homebrew/Cellar/avr-gcc@8/8.5.0_3/lib/avr-gcc/8/gcc/avr/8.5.0/avr5/libgcc.a(_udivmodhi4.o)
 .text.libgcc.fmul
                0x00005fe0        0x0 /opt/homebrew/Cellar/avr-gcc@8/8.5.0_3/lib/avr-gcc/8/gcc/avr/8.5.0/avr5/libgcc.a(_udivmodhi4.o)
 .text.libgcc.fixed
                0x00005fe0        0x0 /opt/homebrew/Cellar/avr-gcc@8/8.5.0_3/lib/avr-gcc/8/gcc/avr/8.5.0/avr5/libgcc.a(_udivmodhi4.o)
 .text.libgcc.mul
                0x00005fe0        0x0 /opt/homebrew/Cellar/avr-gcc@8/8.5.0_3/lib/avr-gcc/8/gcc/avr/8.5.0/avr5/libgcc.a(_divmodhi4.o)
 .text.libgcc.div
                0x00005fe0       0x28 /opt/homebrew/Cellar/avr-gcc@8/8.5.0_3/lib/avr-gcc/8/gcc/avr/8.5.0/avr5/libgcc.a(_divmodhi4.o)
                0x00005fe0                __divmodhi4
                0x00005fe0                _div
 .text.libgcc   0x00006008        0x0 /opt/homebrew/Cellar/avr-gcc@8/8.5.0_3/lib/avr-gcc/8/gcc/avr/8.5.0/avr5/libgcc.a(_divmodhi4.o)
 .text.libgcc.prologue
                0x00006008        0x0 /opt/homebrew/Cellar/avr-gcc@8/8.5.0_3/lib/avr-gcc/8/gcc/avr/8.5.0/avr5/libgcc.a(_divmodhi4.o)
 .text.libgcc.builtins
                0x00006008        0x0 /opt/homebrew/Cellar/avr-gcc@8/8.5.0_3/lib/avr-gcc/8/gcc/avr/8.5.0/avr5/libgcc.a(_divmodhi4.o)
 .text.libgcc.fmul
                0x00006008        0x0 /opt/homebrew/Cellar/avr-gcc@8/8.5.0_3/lib/avr-gcc/8/gcc/avr/8.5.0/avr5/libgcc.a(_divmodhi4.o)
 .text.libgcc.fixed
                0x00006008        0x0 /opt/homebrew/Cellar/avr-gcc@8/8.5.0_3/lib/avr-gcc/8/gcc/avr/8.5.0/avr5/libgcc.a(_divmodhi4.o)
 .text.libgcc.mul
                0x00006008        0x0 /opt/homebrew/Cellar/avr-gcc@8/8.5.0_3/lib/avr-gcc/8/gcc/avr/8.5.0/avr5/libgcc.a(_udivmodsi4.o)
 .text.libgcc.div
                0x00006008       0x44 /opt/homebrew/Cellar/avr-gcc@8/8.5.0_3/lib/avr-gcc/8/gcc/avr/8.5.0/avr5/libgcc.a(_udivmodsi4.o)
                0x00006008                __udivmodsi4
 .text.libgcc   0x0000604c        0x0 /opt/homebrew/Cellar/avr-gcc@8/8.5.0_3/lib/avr-gcc/8/gcc/avr/8.5.0/avr5/libgcc.a(_udivmodsi4.o)
 .text.libgcc.prologue
                0x0000604c        0x0 /opt/homebrew/Cellar/avr-gcc@8/8.5.0_3/lib/avr-gcc/8/gcc/avr/8.5.0/avr5/libgcc.a(_udivmodsi4.o)
 .text.libgcc.builtins
                0x0000604c        0x0 /opt/homebrew/Cellar/avr-gcc@8/8.5.0_3/lib/avr-gcc/8/gcc/avr/8.5.0/avr5/libgcc.a(_udivmodsi4.o)
 .text.libgcc.fmul
                0x0000604c        0x0 /opt/homebrew/Cellar/avr-gcc@8/8.5.0_3/lib/avr-gcc/8/gcc/avr/8.5.0/avr5/libgcc.a(_udivmodsi4.o)
 .text.libgcc.fixed
                0x0000604c        0x0 /opt/homebrew/Cellar/avr-gcc@8/8.5.0_3/lib/avr-gcc/8/gcc/avr/8.5.0/avr5/libgcc.a(_udivmodsi4.o)
 .text.libgcc.mul
                0x0000604c        0x0 /opt/homebrew/Cellar/avr-gcc@8/8.5.0_3/lib/avr-gcc/8/gcc/avr/8.5.0/avr5/libgcc.a(_exit.o)
 .text.libgcc.div
                0x0000604c        0x0 /opt/homebrew/Cellar/avr-gcc@8/8.5.0_3/lib/avr-gcc/8/gcc/avr/8.5.0/avr5/libgcc.a(_exit.o)
 .text.libgcc   0x0000604c        0x0 /opt/homebrew/Cellar/avr-gcc@8/8.5.0_3/lib/avr-gcc/8/gcc/avr/8.5.0/avr5/libgcc.a(_exit.o)
 .text.libgcc.prologue
                0x0000604c        0x0 /opt/homebrew/Cellar/avr-gcc@8/8.5.0_3/lib/avr-gcc/8/gcc/avr/8.5.0/avr5/libgcc.a(_exit.o)
 .text.libgcc.builtins
                0x0000604c        0x0 /opt/homebrew/Cellar/avr-gcc@8/8.5.0_3/lib/avr-gcc/8/gcc/avr/8.5.0/avr5/libgcc.a(_exit.o)
 .text.libgcc.fmul
                0x0000604c        0x0 /opt/homebrew/Cellar/avr-gcc@8/8.5.0_3/lib/avr-gcc/8/gcc/avr/8.5.0/avr5/libgcc.a(_exit.o)
 .text.libgcc.fixed
                0x0000604c        0x0 /opt/homebrew/Cellar/avr-gcc@8/8.5.0_3/lib/avr-gcc/8/gcc/avr/8.5.0/avr5/libgcc.a(_exit.o)
 .text.libgcc.mul
                0x0000604c        0x0 /opt/homebrew/Cellar/avr-gcc@8/8.5.0_3/lib/avr-gcc/8/gcc/avr/8.5.0/avr5/libgcc.a(_tablejump2.o)
 .text.libgcc.div
                0x0000604c        0x0 /opt/homebrew/Cellar/avr-gcc@8/8.5.0_3/lib/avr-gcc/8/gcc/avr/8.5.0/avr5/libgcc.a(_tablejump2.o)
 .text.libgcc   0x0000604c        0xc /opt/homebrew/Cellar/avr-gcc@8/8.5.0_3/lib/avr-gcc/8/gcc/avr/8.5.0/avr5/libgcc.a(_tablejump2.o)
                0x0000604c                __tablejump2__
 .text.libgcc.prologue
                0x00006058        0x0 /opt/homebrew/Cellar/avr-gcc@8/8.5.0_3/lib/avr-gcc/8/gcc/avr/8.5.0/avr5/libgcc.a(_tablejump2.o)
 .text.libgcc.builtins
                0x00006058        0x0 /opt/homebrew/Cellar/avr-gcc@8/8.5.0_3/lib/avr-gcc/8/gcc/avr/8.5.0/avr5/libgcc.a(_tablejump2.o)
 .text.libgcc.fmul
                0x00006058        0x0 /opt/homebrew/Cellar/avr-gcc@8/8.5.0_3/lib/avr-gcc/8/gcc/avr/8.5.0/avr5/libgcc.a(_tablejump2.o)
 .text.libgcc.fixed
                0x00006058        0x0 /opt/homebrew/Cellar/avr-gcc@8/8.5.0_3/lib/avr-gcc/8/gcc/avr/8.5.0/avr5/libgcc.a(_tablejump2.o)
 .text.libgcc.mul
                0x00006058        0x0 /opt/homebrew/Cellar/avr-gcc@8/8.5.0_3/lib/avr-gcc/8/gcc/avr/8.5.0/avr5/libgcc.a(_copy_data.o)
 .text.libgcc.div
                0x00006058        0x0 /opt/homebrew/Cellar/avr-gcc@8/8.5.0_3/lib/avr-gcc/8/gcc/avr/8.5.0/avr5/libgcc.a(_copy_data.o)
 .text.libgcc   0x00006058        0x0 /opt/homebrew/Cellar/avr-gcc@8/8.5.0_3/lib/avr-gcc/8/gcc/avr/8.5.0/avr5/libgcc.a(_copy_data.o)
 .text.libgcc.prologue
                0x00006058        0x0 /opt/homebrew/Cellar/avr-gcc@8/8.5.0_3/lib/avr-gcc/8/gcc/avr/8.5.0/avr5/libgcc.a(_copy_data.o)
 .text.libgcc.builtins
                0x00006058        0x0 /opt/homebrew/Cellar/avr-gcc@8/8.5.0_3/lib/avr-gcc/8/gcc/avr/8.5.0/avr5/libgcc.a(_copy_data.o)
 .text.libgcc.fmul
                0x00006058        0x0 /opt/homebrew/Cellar/avr-gcc@8/8.5.0_3/lib/avr-gcc/8/gcc/avr/8.5.0/avr5/libgcc.a(_copy_data.o)
 .text.libgcc.fixed
                0x00006058        0x0 /opt/homebrew/Cellar/avr-gcc@8/8.5.0_3/lib/avr-gcc/8/gcc/avr/8.5.0/avr5/libgcc.a(_copy_data.o)
 .text.libgcc.mul
                0x00006058        0x0 /opt/homebrew/Cellar/avr-gcc@8/8.5.0_3/lib/avr-gcc/8/gcc/avr/8.5.0/avr5/libgcc.a(_clear_bss.o)
 .text.libgcc.div
                0x00006058        0x0 /opt/homebrew/Cellar/avr-gcc@8/8.5.0_3/lib/avr-gcc/8/gcc/avr/8.5.0/avr5/libgcc.a(_clear_bss.o)
 .text.libgcc   0x00006058        0x0 /opt/homebrew/Cellar/avr-gcc@8/8.5.0_3/lib/avr-gcc/8/gcc/avr/8.5.0/avr5/libgcc.a(_clear_bss.o)
 .text.libgcc.prologue
                0x00006058        0x0 /opt/homebrew/Cellar/avr-gcc@8/8.5.0_3/lib/avr-gcc/8/gcc/avr/8.5.0/avr5/libgcc.a(_clear_bss.o)
 .text.libgcc.builtins
                0x00006058        0x0 /opt/homebrew/Cellar/avr-gcc@8/8.5.0_3/lib/avr-gcc/8/gcc/avr/8.5.0/avr5/libgcc.a(_clear_bss.o)
 .text.libgcc.fmul
                0x00006058        0x0 /opt/homebrew/Cellar/avr-gcc@8/8.5.0_3/lib/avr-gcc/8/gcc/avr/8.5.0/avr5/libgcc.a(_clear_bss.o)
 .text.libgcc.fixed
                0x00006058        0x0 /opt/homebrew/Cellar/avr-gcc@8/8.5.0_3/lib/avr-gcc/8/gcc/avr/8.5.0/avr5/libgcc.a(_clear_bss.o)
 .text.libgcc.mul
                0x00006058       0x16 /opt/homebrew/Cellar/avr-gcc@8/8.5.0_3/lib/avr-gcc/8/gcc/avr/8.5.0/avr5/libgcc.a(_muluhisi3.o)
                0x00006058                __muluhisi3
 .text.libgcc.div
                0x0000606e        0x0 /opt/homebrew/Cellar/avr-gcc@8/8.5.0_3/lib/avr-gcc/8/gcc/avr/8.5.0/avr5/libgcc.a(_muluhisi3.o)
 .text.libgcc   0x0000606e        0x0 /opt/homebrew/Cellar/avr-gcc@8/8.5.0_3/lib/avr-gcc/8/gcc/avr/8.5.0/avr5/libgcc.a(_muluhisi3.o)
 .text.libgcc.prologue
                0x0000606e        0x0 /opt/homebrew/Cellar/avr-gcc@8/8.5.0_3/lib/avr-gcc/8/gcc/avr/8.5.0/avr5/libgcc.a(_muluhisi3.o)
 .text.libgcc.builtins
                0x0000606e        0x0 /opt/homebrew/Cellar/avr-gcc@8/8.5.0_3/lib/avr-gcc/8/gcc/avr/8.5.0/avr5/libgcc.a(_muluhisi3.o)
 .text.libgcc.fmul
                0x0000606e        0x0 /opt/homebrew/Cellar/avr-gcc@8/8.5.0_3/lib/avr-gcc/8/gcc/avr/8.5.0/avr5/libgcc.a(_muluhisi3.o)
 .text.libgcc.fixed
                0x0000606e        0x0 /opt/homebrew/Cellar/avr-gcc@8/8.5.0_3/lib/avr-gcc/8/gcc/avr/8.5.0/avr5/libgcc.a(_muluhisi3.o)
 .text.libgcc.mul
                0x0000606e       0x1e /opt/homebrew/Cellar/avr-gcc@8/8.5.0_3/lib/avr-gcc/8/gcc/avr/8.5.0/avr5/libgcc.a(_umulhisi3.o)
                0x0000606e                __umulhisi3
 .text.libgcc.div
                0x0000608c        0x0 /opt/homebrew/Cellar/avr-gcc@8/8.5.0_3/lib/avr-gcc/8/gcc/avr/8.5.0/avr5/libgcc.a(_umulhisi3.o)
 .text.libgcc   0x0000608c        0x0 /opt/homebrew/Cellar/avr-gcc@8/8.5.0_3/lib/avr-gcc/8/gcc/avr/8.5.0/avr5/libgcc.a(_umulhisi3.o)
 .text.libgcc.prologue
                0x0000608c        0x0 /opt/homebrew/Cellar/avr-gcc@8/8.5.0_3/lib/avr-gcc/8/gcc/avr/8.5.0/avr5/libgcc.a(_umulhisi3.o)
 .text.libgcc.builtins
                0x0000608c        0x0 /opt/homebrew/Cellar/avr-gcc@8/8.5.0_3/lib/avr-gcc/8/gcc/avr/8.5.0/avr5/libgcc.a(_umulhisi3.o)
 .text.libgcc.fmul
                0x0000608c        0x0 /opt/homebrew/Cellar/avr-gcc@8/8.5.0_3/lib/avr-gcc/8/gcc/avr/8.5.0/avr5/libgcc.a(_umulhisi3.o)
 .text.libgcc.fixed
                0x0000608c        0x0 /opt/homebrew/Cellar/avr-gcc@8/8.5.0_3/lib/avr-gcc/8/gcc/avr/8.5.0/avr5/libgcc.a(_umulhisi3.o)
 .text.avr-libc
                0x0000608c      0x220 /opt/homebrew/Cellar/avr-gcc@8/8.5.0_3/lib/avr-gcc/8/gcc/avr/8.5.0/../../../../../../avr/lib/avr5/libc.a(strtol.o)
                0x0000608c                strtol
 .text.avr-libc
                0x000062ac      0x1c2 /opt/homebrew/Cellar/avr-gcc@8/8.5.0_3/lib/avr-gcc/8/gcc/avr/8.5.0/../../../../../../avr/lib/avr5/libc.a(strtoul.o)
                0x000062ac                strtoul
 .text.avr-libc
                0x0000646e       0x12 /opt/homebrew/Cellar/avr-gcc@8/8.5.0_3/lib/avr-gcc/8/gcc/avr/8.5.0/../../../../../../avr/lib/avr5/libc.a(isspace.o)
                0x0000646e                isspace
 .text.avr-libc
                0x00006480       0x10 /opt/homebrew/Cellar/avr-gcc@8/8.5.0_3/lib/avr-gcc/8/gcc/avr/8.5.0/../../../../../../avr/lib/avr5/libc.a(toupper.o)
                0x00006480                toupper
 .text.avr-libc
                0x00006490       0x1a /opt/homebrew/Cellar/avr-gcc@8/8.5.0_3/lib/avr-gcc/8/gcc/avr/8.5.0/../../../../../../avr/lib/avr5/libc.a(memcmp_P.o)
                0x00006490                memcmp_P
 .text.avr-libc
                0x000064aa       0x12 /opt/homebrew/Cellar/avr-gcc@8/8.5.0_3/lib/avr-gcc/8/gcc/avr/8.5.0/../../../../../../avr/lib/avr5/libc.a(memcpy_P.o)
                0x000064aa                memcpy_P
 .text.avr-libc
                0x000064bc       0x16 /opt/homebrew/Cellar/avr-gcc@8/8.5.0_3/lib/avr-gcc/8/gcc/avr/8.5.0/../../../../../../avr/lib/avr5/libc.a(strcat_P.o)
                0x000064bc                strcat_P
 .text.avr-libc
                0x000064d2        0xe /opt/homebrew/Cellar/avr-gcc@8/8.5.0_3/lib/avr-gcc/8/gcc/avr/8.5.0/../../../../../../avr/lib/avr5/libc.a(strcpy_P.o)
                0x000064d2                strcpy_P
 .text.avr-libc
                0x000064e0       0x30 /opt/homebrew/Cellar/avr-gcc@8/8.5.0_3/lib/avr-gcc/8/gcc/avr/8.5.0/../../../../../../avr/lib/avr5/libc.a(strncasecmp_P.o)
                0x000064e0                strncasecmp_P
 .text.avr-libc
                0x00006510       0x1c /opt/homebrew/Cellar/avr-gcc@8/8.5.0_3/lib/avr-gcc/8/gcc/avr/8.5.0/../../../../../../avr/lib/avr5/libc.a(strncmp_P.o)
                0x00006510                strncmp_P
 .text.avr-libc
                0x0000652c       0x34 /opt/homebrew/Cellar/avr-gcc@8/8.5.0_3/lib/avr-gcc/8/gcc/avr/8.5.0/../../../../../../avr/lib/avr5/libc.a(strstr_P.o)
                0x0000652c                strstr_P
 .text.avr-libc
                0x00006560       0x1a /opt/homebrew/Cellar/avr-gcc@8/8.5.0_3/lib/avr-gcc/8/gcc/avr/8.5.0/../../../../../../avr/lib/avr5/libc.a(memcmp.o)
                0x00006560                memcmp
 .text.avr-libc
                0x0000657a       0x12 /opt/homebrew/Cellar/avr-gcc@8/8.5.0_3/lib/avr-gcc/8/gcc/avr/8.5.0/../../../../../../avr/lib/avr5/libc.a(memcpy.o)
                0x0000657a                memcpy
 .text.avr-libc
                0x0000658c        0xe /opt/homebrew/Cellar/avr-gcc@8/8.5.0_3/lib/avr-gcc/8/gcc/avr/8.5.0/../../../../../../avr/lib/avr5/libc.a(memset.o)
                0x0000658c                memset
 .text.avr-libc
                0x0000659a       0x16 /opt/homebrew/Cellar/avr-gcc@8/8.5.0_3/lib/avr-gcc/8/gcc/avr/8.5.0/../../../../../../avr/lib/avr5/libc.a(strcat.o)
                0x0000659a                strcat
 .text.avr-libc
                0x000065b0       0x16 /opt/homebrew/Cellar/avr-gcc@8/8.5.0_3/lib/avr-gcc/8/gcc/avr/8.5.0/../../../../../../avr/lib/avr5/libc.a(strchr.o)
                0x000065b0                strchr
 .text.avr-libc
                0x000065c6       0x12 /opt/homebrew/Cellar/avr-gcc@8/8.5.0_3/lib/avr-gcc/8/gcc/avr/8.5.0/../../../../../../avr/lib/avr5/libc.a(strcmp.o)
                0x000065c6                strcmp
 .text.avr-libc
                0x000065d8        0xe /opt/homebrew/Cellar/avr-gcc@8/8.5.0_3/lib/avr-gcc/8/gcc/avr/8.5.0/../../../../../../avr/lib/avr5/libc.a(strcpy.o)
                0x000065d8                strcpy
 .text.avr-libc
                0x000065e6       0x1e /opt/homebrew/Cellar/avr-gcc@8/8.5.0_3/lib/avr-gcc/8/gcc/avr/8.5.0/../../../../../../avr/lib/avr5/libc.a(strncpy.o)
                0x000065e6                strncpy
 .text.avr-libc
                0x00006604       0x34 /opt/homebrew/Cellar/avr-gcc@8/8.5.0_3/lib/avr-gcc/8/gcc/avr/8.5.0/../../../../../../avr/lib/avr5/libc.a(strstr.o)
                0x00006604                strstr
 .text.avr-libc
                0x00006638       0x34 /opt/homebrew/Cellar/avr-gcc@8/8.5.0_3/lib/avr-gcc/8/gcc/avr/8.5.0/../../../../../../avr/lib/avr5/libc.a(utoa_ncheck.o)
                0x00006638                __utoa_ncheck
                0x0000663a                __utoa_common
 .text.avr-libc
                0x0000666c       0x46 /opt/homebrew/Cellar/avr-gcc@8/8.5.0_3/lib/avr-gcc/8/gcc/avr/8.5.0/../../../../../../avr/lib/avr5/libc.a(sprintf.o)
                0x0000666c                sprintf
 .text.avr-libc
                0x000066b2      0x396 /opt/homebrew/Cellar/avr-gcc@8/8.5.0_3/lib/avr-gcc/8/gcc/avr/8.5.0/../../../../../../avr/lib/avr5/libc.a(vfprintf_std.o)
                0x000066b2                vfprintf
 .text.avr-libc
                0x00006a48        0x6 /opt/homebrew/Cellar/avr-gcc@8/8.5.0_3/lib/avr-gcc/8/gcc/avr/8.5.0/../../../../../../avr/lib/avr5/libc.a(cty_isfalse.o)
                0x00006a48                __ctype_isfalse
                0x00006a4c                __ctype_istrue
 .text.avr-libc
                0x00006a4e       0x16 /opt/homebrew/Cellar/avr-gcc@8/8.5.0_3/lib/avr-gcc/8/gcc/avr/8.5.0/../../../../../../avr/lib/avr5/libc.a(strnlen_P.o)
                0x00006a4e                strnlen_P
 .text.avr-libc
                0x00006a64       0x16 /opt/homebrew/Cellar/avr-gcc@8/8.5.0_3/lib/avr-gcc/8/gcc/avr/8.5.0/../../../../../../avr/lib/avr5/libc.a(strnlen.o)
                0x00006a64                strnlen
 .text.avr-libc
                0x00006a7a       0x20 /opt/homebrew/Cellar/avr-gcc@8/8.5.0_3/lib/avr-gcc/8/gcc/avr/8.5.0/../../../../../../avr/lib/avr5/libc.a(strrev.o)
                0x00006a7a                strrev
 .text.avr-libc
                0x00006a9a       0x60 /opt/homebrew/Cellar/avr-gcc@8/8.5.0_3/lib/avr-gcc/8/gcc/avr/8.5.0/../../../../../../avr/lib/avr5/libc.a(fputc.o)
                0x00006a9a                fputc
 .text.avr-libc
                0x00006afa       0xbc /opt/homebrew/Cellar/avr-gcc@8/8.5.0_3/lib/avr-gcc/8/gcc/avr/8.5.0/../../../../../../avr/lib/avr5/libc.a(ultoa_invert.o)
                0x00006afa                __ultoa_invert
 .text.libgcc.mul
                0x00006bb6       0x20 /opt/homebrew/Cellar/avr-gcc@8/8.5.0_3/lib/avr-gcc/8/gcc/avr/8.5.0/avr5/libgcc.a(_mulsi3.o)
                0x00006bb6                __mulsi3
 .text.libgcc.div
                0x00006bd6        0x0 /opt/homebrew/Cellar/avr-gcc@8/8.5.0_3/lib/avr-gcc/8/gcc/avr/8.5.0/avr5/libgcc.a(_mulsi3.o)
 .text.libgcc   0x00006bd6        0x0 /opt/homebrew/Cellar/avr-gcc@8/8.5.0_3/lib/avr-gcc/8/gcc/avr/8.5.0/avr5/libgcc.a(_mulsi3.o)
 .text.libgcc.prologue
                0x00006bd6        0x0 /opt/homebrew/Cellar/avr-gcc@8/8.5.0_3/lib/avr-gcc/8/gcc/avr/8.5.0/avr5/libgcc.a(_mulsi3.o)
 .text.libgcc.builtins
                0x00006bd6        0x0 /opt/homebrew/Cellar/avr-gcc@8/8.5.0_3/lib/avr-gcc/8/gcc/avr/8.5.0/avr5/libgcc.a(_mulsi3.o)
 .text.libgcc.fmul
                0x00006bd6        0x0 /opt/homebrew/Cellar/avr-gcc@8/8.5.0_3/lib/avr-gcc/8/gcc/avr/8.5.0/avr5/libgcc.a(_mulsi3.o)
 .text.libgcc.fixed
                0x00006bd6        0x0 /opt/homebrew/Cellar/avr-gcc@8/8.5.0_3/lib/avr-gcc/8/gcc/avr/8.5.0/avr5/libgcc.a(_mulsi3.o)
 .text.libgcc.mul
                0x00006bd6        0x0 /opt/homebrew/Cellar/avr-gcc@8/8.5.0_3/lib/avr-gcc/8/gcc/avr/8.5.0/avr5/libgcc.a(_prologue.o)
 .text.libgcc.div
                0x00006bd6        0x0 /opt/homebrew/Cellar/avr-gcc@8/8.5.0_3/lib/avr-gcc/8/gcc/avr/8.5.0/avr5/libgcc.a(_prologue.o)
 .text.libgcc   0x00006bd6        0x0 /opt/homebrew/Cellar/avr-gcc@8/8.5.0_3/lib/avr-gcc/8/gcc/avr/8.5.0/avr5/libgcc.a(_prologue.o)
 .text.libgcc.prologue
                0x00006bd6       0x38 /opt/homebrew/Cellar/avr-gcc@8/8.5.0_3/lib/avr-gcc/8/gcc/avr/8.5.0/avr5/libgcc.a(_prologue.o)
                0x00006bd6                __prologue_saves__
 .text.libgcc.builtins
                0x00006c0e        0x0 /opt/homebrew/Cellar/avr-gcc@8/8.5.0_3/lib/avr-gcc/8/gcc/avr/8.5.0/avr5/libgcc.a(_prologue.o)
 .text.libgcc.fmul
                0x00006c0e        0x0 /opt/homebrew/Cellar/avr-gcc@8/8.5.0_3/lib/avr-gcc/8/gcc/avr/8.5.0/avr5/libgcc.a(_prologue.o)
 .text.libgcc.fixed
                0x00006c0e        0x0 /opt/homebrew/Cellar/avr-gcc@8/8.5.0_3/lib/avr-gcc/8/gcc/avr/8.5.0/avr5/libgcc.a(_prologue.o)
 .text.libgcc.mul
                0x00006c0e        0x0 /opt/homebrew/Cellar/avr-gcc@8/8.5.0_3/lib/avr-gcc/8/gcc/avr/8.5.0/avr5/libgcc.a(_epilogue.o)
 .text.libgcc.div
                0x00006c0e        0x0 /opt/homebrew/Cellar/avr-gcc@8/8.5.0_3/lib/avr-gcc/8/gcc/avr/8.5.0/avr5/libgcc.a(_epilogue.o)
 .text.libgcc   0x00006c0e        0x0 /opt/homebrew/Cellar/avr-gcc@8/8.5.0_3/lib/avr-gcc/8/gcc/avr/8.5.0/avr5/libgcc.a(_epilogue.o)
 .text.libgcc.prologue
                0x00006c0e       0x36 /opt/homebrew/Cellar/avr-gcc@8/8.5.0_3/lib/avr-gcc/8/gcc/avr/8.5.0/avr5/libgcc.a(_epilogue.o)
                0x00006c0e                __epilogue_restores__
 .text.libgcc.builtins
                0x00006c44        0x0 /opt/homebrew/Cellar/avr-gcc@8/8.5.0_3/lib/avr-gcc/8/gcc/avr/8.5.0/avr5/libgcc.a(_epilogue.o)
 .text.libgcc.fmul
                0x00006c44        0x0 /opt/homebrew/Cellar/avr-gcc@8/8.5.0_3/lib/avr-gcc/8/gcc/avr/8.5.0/avr5/libgcc.a(_epilogue.o)
 .text.libgcc.fixed
                0x00006c44        0x0 /opt/homebrew/Cellar/avr-gcc@8/8.5.0_3/lib/avr-gcc/8/gcc/avr/8.5.0/avr5/libgcc.a(_epilogue.o)
                0x00006c44                        . = ALIGN (0x2)
 *(.fini9)
 .fini9         0x00006c44        0x0 /opt/homebrew/Cellar/avr-gcc@8/8.5.0_3/lib/avr-gcc/8/gcc/avr/8.5.0/avr5/libgcc.a(_exit.o)
                0x00006c44                exit
                0x00006c44                _exit
 *(.fini9)
 *(.fini8)
 *(.fini8)
 *(.fini7)
 *(.fini7)
 *(.fini6)
 *(.fini6)
 *(.fini5)
 *(.fini5)
 *(.fini4)
 *(.fini4)
 *(.fini3)
 *(.fini3)
 *(.fini2)
 *(.fini2)
 *(.fini1)
 *(.fini1)
 *(.fini0)
 .fini0         0x00006c44        0x4 /opt/homebrew/Cellar/avr-gcc@8/8.5.0_3/lib/avr-gcc/8/gcc/avr/8.5.0/avr5/libgcc.a(_exit.o)
 *(.fini0)
 *(.hightext)
 *(.hightext*)
 *(.progmemx)
 *(.progmemx.*)
                0x00006c48                        . = ALIGN (0x2)
 *(.jumptables)
 *(.jumptables*)
 .jumptables.gcc.wykonanie_polecenia_sms
                0x00006c48       0x22 main.o
 .jumptables.gcc.interpretuj_wiadomosc_sms
                0x00006c6a       0x34 interpretacjaSMS.o
                0x00006c9e                        _etext = .

.data           0x00800100      0x11e load address 0x00006c9e
                0x00800100                        PROVIDE (__data_start = .)
 *(.data)
 .data          0x00800100        0x0 /opt/homebrew/Cellar/avr-gcc@8/8.5.0_3/lib/avr-gcc/8/gcc/avr/8.5.0/../../../../../../avr/lib/avr5/crtatmega328pb.o
 .data          0x00800100        0x8 main.o
                0x00800100                tryb_pracy
                0x00800101                clip_duration_sekundy
                0x00800105                sms_trigger
                0x00800106                tryb_clip
                0x00800107                max_oczekiwanie_na_odpowiedz
 .data          0x00800108        0x0 wewy.o
 .data          0x00800108        0x1 sim900.o
                0x00800108                licznik_100ms_procedura_inicjalizacyjna_SIM900
 .data          0x00800109        0x1 poleceniagsm.o
                0x00800109                poziom_sieci_gsm
 .data          0x0080010a        0x0 pamiec_ram.o
 .data          0x0080010a        0x0 interpretacjaSMS.o
 .data          0x0080010a        0xc komendy.o
                0x0080010a                rtc_czas
 .data          0x00800116        0x0 konfiguracja.o
 .data          0x00800116        0x0 zapiseeprom.o
 .data          0x00800116        0x0 pdu.o
 .data          0x00800116        0x0 uart1_eeprom.o
 .data          0x00800116        0x0 at24c512.o
 .data          0x00800116        0x0 eeprom_ext.o
 .data          0x00800116        0x0 /opt/homebrew/Cellar/avr-gcc@8/8.5.0_3/lib/avr-gcc/8/gcc/avr/8.5.0/avr5/libgcc.a(_udivmodqi4.o)
 .data          0x00800116        0x0 /opt/homebrew/Cellar/avr-gcc@8/8.5.0_3/lib/avr-gcc/8/gcc/avr/8.5.0/avr5/libgcc.a(_udivmodhi4.o)
 .data          0x00800116        0x0 /opt/homebrew/Cellar/avr-gcc@8/8.5.0_3/lib/avr-gcc/8/gcc/avr/8.5.0/avr5/libgcc.a(_divmodhi4.o)
 .data          0x00800116        0x0 /opt/homebrew/Cellar/avr-gcc@8/8.5.0_3/lib/avr-gcc/8/gcc/avr/8.5.0/avr5/libgcc.a(_udivmodsi4.o)
 .data          0x00800116        0x0 /opt/homebrew/Cellar/avr-gcc@8/8.5.0_3/lib/avr-gcc/8/gcc/avr/8.5.0/avr5/libgcc.a(_exit.o)
 .data          0x00800116        0x0 /opt/homebrew/Cellar/avr-gcc@8/8.5.0_3/lib/avr-gcc/8/gcc/avr/8.5.0/avr5/libgcc.a(_tablejump2.o)
 .data          0x00800116        0x0 /opt/homebrew/Cellar/avr-gcc@8/8.5.0_3/lib/avr-gcc/8/gcc/avr/8.5.0/avr5/libgcc.a(_copy_data.o)
 .data          0x00800116        0x0 /opt/homebrew/Cellar/avr-gcc@8/8.5.0_3/lib/avr-gcc/8/gcc/avr/8.5.0/avr5/libgcc.a(_clear_bss.o)
 .data          0x00800116        0x0 /opt/homebrew/Cellar/avr-gcc@8/8.5.0_3/lib/avr-gcc/8/gcc/avr/8.5.0/avr5/libgcc.a(_muluhisi3.o)
 .data          0x00800116        0x0 /opt/homebrew/Cellar/avr-gcc@8/8.5.0_3/lib/avr-gcc/8/gcc/avr/8.5.0/avr5/libgcc.a(_umulhisi3.o)
 .data          0x00800116        0x0 /opt/homebrew/Cellar/avr-gcc@8/8.5.0_3/lib/avr-gcc/8/gcc/avr/8.5.0/../../../../../../avr/lib/avr5/libc.a(strtol.o)
 .data          0x00800116        0x0 /opt/homebrew/Cellar/avr-gcc@8/8.5.0_3/lib/avr-gcc/8/gcc/avr/8.5.0/../../../../../../avr/lib/avr5/libc.a(strtoul.o)
 .data          0x00800116        0x0 /opt/homebrew/Cellar/avr-gcc@8/8.5.0_3/lib/avr-gcc/8/gcc/avr/8.5.0/../../../../../../avr/lib/avr5/libc.a(isspace.o)
 .data          0x00800116        0x0 /opt/homebrew/Cellar/avr-gcc@8/8.5.0_3/lib/avr-gcc/8/gcc/avr/8.5.0/../../../../../../avr/lib/avr5/libc.a(toupper.o)
 .data          0x00800116        0x0 /opt/homebrew/Cellar/avr-gcc@8/8.5.0_3/lib/avr-gcc/8/gcc/avr/8.5.0/../../../../../../avr/lib/avr5/libc.a(memcmp_P.o)
 .data          0x00800116        0x0 /opt/homebrew/Cellar/avr-gcc@8/8.5.0_3/lib/avr-gcc/8/gcc/avr/8.5.0/../../../../../../avr/lib/avr5/libc.a(memcpy_P.o)
 .data          0x00800116        0x0 /opt/homebrew/Cellar/avr-gcc@8/8.5.0_3/lib/avr-gcc/8/gcc/avr/8.5.0/../../../../../../avr/lib/avr5/libc.a(strcat_P.o)
 .data          0x00800116        0x0 /opt/homebrew/Cellar/avr-gcc@8/8.5.0_3/lib/avr-gcc/8/gcc/avr/8.5.0/../../../../../../avr/lib/avr5/libc.a(strcpy_P.o)
 .data          0x00800116        0x0 /opt/homebrew/Cellar/avr-gcc@8/8.5.0_3/lib/avr-gcc/8/gcc/avr/8.5.0/../../../../../../avr/lib/avr5/libc.a(strncasecmp_P.o)
 .data          0x00800116        0x0 /opt/homebrew/Cellar/avr-gcc@8/8.5.0_3/lib/avr-gcc/8/gcc/avr/8.5.0/../../../../../../avr/lib/avr5/libc.a(strncmp_P.o)
 .data          0x00800116        0x0 /opt/homebrew/Cellar/avr-gcc@8/8.5.0_3/lib/avr-gcc/8/gcc/avr/8.5.0/../../../../../../avr/lib/avr5/libc.a(strstr_P.o)
 .data          0x00800116        0x0 /opt/homebrew/Cellar/avr-gcc@8/8.5.0_3/lib/avr-gcc/8/gcc/avr/8.5.0/../../../../../../avr/lib/avr5/libc.a(memcmp.o)
 .data          0x00800116        0x0 /opt/homebrew/Cellar/avr-gcc@8/8.5.0_3/lib/avr-gcc/8/gcc/avr/8.5.0/../../../../../../avr/lib/avr5/libc.a(memcpy.o)
 .data          0x00800116        0x0 /opt/homebrew/Cellar/avr-gcc@8/8.5.0_3/lib/avr-gcc/8/gcc/avr/8.5.0/../../../../../../avr/lib/avr5/libc.a(memset.o)
 .data          0x00800116        0x0 /opt/homebrew/Cellar/avr-gcc@8/8.5.0_3/lib/avr-gcc/8/gcc/avr/8.5.0/../../../../../../avr/lib/avr5/libc.a(strcat.o)
 .data          0x00800116        0x0 /opt/homebrew/Cellar/avr-gcc@8/8.5.0_3/lib/avr-gcc/8/gcc/avr/8.5.0/../../../../../../avr/lib/avr5/libc.a(strchr.o)
 .data          0x00800116        0x0 /opt/homebrew/Cellar/avr-gcc@8/8.5.0_3/lib/avr-gcc/8/gcc/avr/8.5.0/../../../../../../avr/lib/avr5/libc.a(strcmp.o)
 .data          0x00800116        0x0 /opt/homebrew/Cellar/avr-gcc@8/8.5.0_3/lib/avr-gcc/8/gcc/avr/8.5.0/../../../../../../avr/lib/avr5/libc.a(strcpy.o)
 .data          0x00800116        0x0 /opt/homebrew/Cellar/avr-gcc@8/8.5.0_3/lib/avr-gcc/8/gcc/avr/8.5.0/../../../../../../avr/lib/avr5/libc.a(strncpy.o)
 .data          0x00800116        0x0 /opt/homebrew/Cellar/avr-gcc@8/8.5.0_3/lib/avr-gcc/8/gcc/avr/8.5.0/../../../../../../avr/lib/avr5/libc.a(strstr.o)
 .data          0x00800116        0x0 /opt/homebrew/Cellar/avr-gcc@8/8.5.0_3/lib/avr-gcc/8/gcc/avr/8.5.0/../../../../../../avr/lib/avr5/libc.a(utoa_ncheck.o)
 .data          0x00800116        0x0 /opt/homebrew/Cellar/avr-gcc@8/8.5.0_3/lib/avr-gcc/8/gcc/avr/8.5.0/../../../../../../avr/lib/avr5/libc.a(sprintf.o)
 .data          0x00800116        0x0 /opt/homebrew/Cellar/avr-gcc@8/8.5.0_3/lib/avr-gcc/8/gcc/avr/8.5.0/../../../../../../avr/lib/avr5/libc.a(vfprintf_std.o)
 .data          0x00800116        0x0 /opt/homebrew/Cellar/avr-gcc@8/8.5.0_3/lib/avr-gcc/8/gcc/avr/8.5.0/../../../../../../avr/lib/avr5/libc.a(errno.o)
 .data          0x00800116        0x0 /opt/homebrew/Cellar/avr-gcc@8/8.5.0_3/lib/avr-gcc/8/gcc/avr/8.5.0/../../../../../../avr/lib/avr5/libc.a(cty_isfalse.o)
 .data          0x00800116        0x0 /opt/homebrew/Cellar/avr-gcc@8/8.5.0_3/lib/avr-gcc/8/gcc/avr/8.5.0/../../../../../../avr/lib/avr5/libc.a(strnlen_P.o)
 .data          0x00800116        0x0 /opt/homebrew/Cellar/avr-gcc@8/8.5.0_3/lib/avr-gcc/8/gcc/avr/8.5.0/../../../../../../avr/lib/avr5/libc.a(strnlen.o)
 .data          0x00800116        0x0 /opt/homebrew/Cellar/avr-gcc@8/8.5.0_3/lib/avr-gcc/8/gcc/avr/8.5.0/../../../../../../avr/lib/avr5/libc.a(strrev.o)
 .data          0x00800116        0x0 /opt/homebrew/Cellar/avr-gcc@8/8.5.0_3/lib/avr-gcc/8/gcc/avr/8.5.0/../../../../../../avr/lib/avr5/libc.a(fputc.o)
 .data          0x00800116        0x0 /opt/homebrew/Cellar/avr-gcc@8/8.5.0_3/lib/avr-gcc/8/gcc/avr/8.5.0/../../../../../../avr/lib/avr5/libc.a(ultoa_invert.o)
 .data          0x00800116        0x0 /opt/homebrew/Cellar/avr-gcc@8/8.5.0_3/lib/avr-gcc/8/gcc/avr/8.5.0/avr5/libgcc.a(_mulsi3.o)
 .data          0x00800116        0x0 /opt/homebrew/Cellar/avr-gcc@8/8.5.0_3/lib/avr-gcc/8/gcc/avr/8.5.0/avr5/libgcc.a(_prologue.o)
 .data          0x00800116        0x0 /opt/homebrew/Cellar/avr-gcc@8/8.5.0_3/lib/avr-gcc/8/gcc/avr/8.5.0/avr5/libgcc.a(_epilogue.o)
 *(.data*)
 *(.gnu.linkonce.d*)
 *(.rodata)
 *(.rodata*)
 .rodata.str1.1
                0x00800116      0x107 main.o
                                 0xe9 (size before relaxing)
 .rodata.str1.1
                0x0080021d        0x0 interpretacjaSMS.o
                                 0x22 (size before relaxing)
 .rodata.str1.1
                0x0080021d        0x0 uart1_eeprom.o
                                  0xd (size before relaxing)
 *(.gnu.linkonce.r*)
                0x0080021e                        . = ALIGN (0x2)
 *fill*         0x0080021d        0x1 
                0x0080021e                        _edata = .
                0x0080021e                        PROVIDE (__data_end = .)

.bss            0x0080021e      0x607
                0x0080021e                        PROVIDE (__bss_start = .)
 *(.bss)
 .bss           0x0080021e        0x0 /opt/homebrew/Cellar/avr-gcc@8/8.5.0_3/lib/avr-gcc/8/gcc/avr/8.5.0/../../../../../../avr/lib/avr5/crtatmega328pb.o
 .bss           0x0080021e       0x64 main.o
                0x0080021e                wysylanie_smsa_clipa
                0x0080021f                blokada_systemu_tymczasowo_odblokowana
                0x00800220                blokada_systemu
                0x00800221                autosync_czas_aktywny
                0x00800222                opoznienie_wysylania_clipow_100MS
                0x00800224                licznik_reset_urzadzenia
                0x00800225                licznik_reset_modulu_SIM900
                0x00800226                modul_zalogowany_w_sieci
                0x00800227                licznik_wybudz_watki_10MS
                0x00800228                wykonac_watki
                0x00800229                wykonac_watki_10MS
                0x0080022a                wykonaj_zdarzenie_timer
                0x0080022b                service_lock_blink_count
                0x0080022c                service_lock_led_state
                0x0080022d                licznik_service_lock_led_100ms
                0x0080022f                stan_cyklu_blysku
                0x00800230                liczba_blyskow_led
                0x00800231                g_czas_systemowy_100ms
                0x00800235                licznik_timeout_rozmowy_100ms
                0x00800237                clip_debounce_timer_100ms
                0x00800239                licznik_cykli_przekaznika
                0x0080023d                licznik_timeout_ussd_100ms
                0x0080023f                oczekiwanie_na_ussd
                0x00800240                sms_pomijaj_aktualizacje_czasu
                0x00800241                watchdog_sms_safe_mode_100ms
                0x00800243                watchdog_sms_trwa_reset
                0x00800244                watchdog_sms_licznik_100ms
                0x00800246                watchdog_sms_aktywny
                0x00800247                blokada_clip
                0x00800248                max_oczekiwanie_na_odpowiedz_at
                0x00800249                licznik_bezpieczenstwa_opoznienie_wysylania_sms
                0x0080024b                licznik_ogolny_blad_zalogowania
                0x0080024d                licznik_blad_zalogowania_u_operatora
                0x0080024e                licznik_blad_stanu_karty_SIM
                0x0080024f                licznik_awaria_brak_zasiegu
                0x00800251                liczba_smsow_ech_do_wyslania
                0x00800252                ustaw_maksymalny_czas_dzwonienia
                0x00800253                maksymalny_czas_dzwonienia
                0x00800254                liczba_prob_wyslania_smsa
                0x00800255                flaga_wysylanie_smsa
                0x00800256                flaga_odczytywanie_smsa
                0x00800257                dlugosc_pdu
                0x00800258                licznik_bezpieczenstwa_wykonywana_rozmowa
                0x0080025a                trwa_rozmowa_przychodzaca_od_uzytkownika
                0x0080025b                nastepne_wysylane_polecenie_SIM900
                0x0080025c                licznik_wysylane_polecenie_SIM900
                0x0080025e                aktualnie_wysylane_polecenie_SIM900
                0x0080025f                oproznij_bufor_SIM900_po_bledzie
                0x00800260                opoznienie_SIM900_100MS
 .bss           0x00800282        0x1 wewy.o
 .bss           0x00800283        0xa sim900.o
                0x00800283                podlaczona_karta_SIM_SIM900
                0x00800284                podlaczony_modul_gsm_SIM900
                0x00800285                komenda_SIM900
                0x00800286                sprawdzaj_wejscie_CTS_SIM900
                0x00800287                sms_timestamp_sekunda
                0x00800288                sms_timestamp_minuta
                0x00800289                sms_timestamp_godzina
                0x0080028a                sms_timestamp_dzien
                0x0080028b                sms_timestamp_miesiac
                0x0080028c                sms_timestamp_rok
 .bss           0x0080028d        0x5 poleceniagsm.o
                0x0080028d                numer_bledu_cms
                0x0080028f                numer_bledu_cme
                0x00800291                bledny_PIN
 .bss           0x00800292        0x1 pamiec_ram.o
                0x00800292                powiadomienia_aktywne
 .bss           0x00800293        0x0 interpretacjaSMS.o
 .bss           0x00800293        0x0 komendy.o
 .bss           0x00800293        0x0 konfiguracja.o
 .bss           0x00800293        0x2 zapiseeprom.o
                0x00800293                nr_zapisanego_znaku
                0x00800294                liczba_znakow_do_zapisu
 .bss           0x00800295        0x0 pdu.o
 .bss           0x00800295        0x9 uart1_eeprom.o
 .bss           0x0080029e        0x0 at24c512.o
 .bss           0x0080029e        0x0 eeprom_ext.o
 .bss           0x0080029e        0x0 /opt/homebrew/Cellar/avr-gcc@8/8.5.0_3/lib/avr-gcc/8/gcc/avr/8.5.0/avr5/libgcc.a(_udivmodqi4.o)
 .bss           0x0080029e        0x0 /opt/homebrew/Cellar/avr-gcc@8/8.5.0_3/lib/avr-gcc/8/gcc/avr/8.5.0/avr5/libgcc.a(_udivmodhi4.o)
 .bss           0x0080029e        0x0 /opt/homebrew/Cellar/avr-gcc@8/8.5.0_3/lib/avr-gcc/8/gcc/avr/8.5.0/avr5/libgcc.a(_divmodhi4.o)
 .bss           0x0080029e        0x0 /opt/homebrew/Cellar/avr-gcc@8/8.5.0_3/lib/avr-gcc/8/gcc/avr/8.5.0/avr5/libgcc.a(_udivmodsi4.o)
 .bss           0x0080029e        0x0 /opt/homebrew/Cellar/avr-gcc@8/8.5.0_3/lib/avr-gcc/8/gcc/avr/8.5.0/avr5/libgcc.a(_exit.o)
 .bss           0x0080029e        0x0 /opt/homebrew/Cellar/avr-gcc@8/8.5.0_3/lib/avr-gcc/8/gcc/avr/8.5.0/avr5/libgcc.a(_tablejump2.o)
 .bss           0x0080029e        0x0 /opt/homebrew/Cellar/avr-gcc@8/8.5.0_3/lib/avr-gcc/8/gcc/avr/8.5.0/avr5/libgcc.a(_copy_data.o)
 .bss           0x0080029e        0x0 /opt/homebrew/Cellar/avr-gcc@8/8.5.0_3/lib/avr-gcc/8/gcc/avr/8.5.0/avr5/libgcc.a(_clear_bss.o)
 .bss           0x0080029e        0x0 /opt/homebrew/Cellar/avr-gcc@8/8.5.0_3/lib/avr-gcc/8/gcc/avr/8.5.0/avr5/libgcc.a(_muluhisi3.o)
 .bss           0x0080029e        0x0 /opt/homebrew/Cellar/avr-gcc@8/8.5.0_3/lib/avr-gcc/8/gcc/avr/8.5.0/avr5/libgcc.a(_umulhisi3.o)
 .bss           0x0080029e        0x0 /opt/homebrew/Cellar/avr-gcc@8/8.5.0_3/lib/avr-gcc/8/gcc/avr/8.5.0/../../../../../../avr/lib/avr5/libc.a(strtol.o)
 .bss           0x0080029e        0x0 /opt/homebrew/Cellar/avr-gcc@8/8.5.0_3/lib/avr-gcc/8/gcc/avr/8.5.0/../../../../../../avr/lib/avr5/libc.a(strtoul.o)
 .bss           0x0080029e        0x0 /opt/homebrew/Cellar/avr-gcc@8/8.5.0_3/lib/avr-gcc/8/gcc/avr/8.5.0/../../../../../../avr/lib/avr5/libc.a(isspace.o)
 .bss           0x0080029e        0x0 /opt/homebrew/Cellar/avr-gcc@8/8.5.0_3/lib/avr-gcc/8/gcc/avr/8.5.0/../../../../../../avr/lib/avr5/libc.a(toupper.o)
 .bss           0x0080029e        0x0 /opt/homebrew/Cellar/avr-gcc@8/8.5.0_3/lib/avr-gcc/8/gcc/avr/8.5.0/../../../../../../avr/lib/avr5/libc.a(memcmp_P.o)
 .bss           0x0080029e        0x0 /opt/homebrew/Cellar/avr-gcc@8/8.5.0_3/lib/avr-gcc/8/gcc/avr/8.5.0/../../../../../../avr/lib/avr5/libc.a(memcpy_P.o)
 .bss           0x0080029e        0x0 /opt/homebrew/Cellar/avr-gcc@8/8.5.0_3/lib/avr-gcc/8/gcc/avr/8.5.0/../../../../../../avr/lib/avr5/libc.a(strcat_P.o)
 .bss           0x0080029e        0x0 /opt/homebrew/Cellar/avr-gcc@8/8.5.0_3/lib/avr-gcc/8/gcc/avr/8.5.0/../../../../../../avr/lib/avr5/libc.a(strcpy_P.o)
 .bss           0x0080029e        0x0 /opt/homebrew/Cellar/avr-gcc@8/8.5.0_3/lib/avr-gcc/8/gcc/avr/8.5.0/../../../../../../avr/lib/avr5/libc.a(strncasecmp_P.o)
 .bss           0x0080029e        0x0 /opt/homebrew/Cellar/avr-gcc@8/8.5.0_3/lib/avr-gcc/8/gcc/avr/8.5.0/../../../../../../avr/lib/avr5/libc.a(strncmp_P.o)
 .bss           0x0080029e        0x0 /opt/homebrew/Cellar/avr-gcc@8/8.5.0_3/lib/avr-gcc/8/gcc/avr/8.5.0/../../../../../../avr/lib/avr5/libc.a(strstr_P.o)
 .bss           0x0080029e        0x0 /opt/homebrew/Cellar/avr-gcc@8/8.5.0_3/lib/avr-gcc/8/gcc/avr/8.5.0/../../../../../../avr/lib/avr5/libc.a(memcmp.o)
 .bss           0x0080029e        0x0 /opt/homebrew/Cellar/avr-gcc@8/8.5.0_3/lib/avr-gcc/8/gcc/avr/8.5.0/../../../../../../avr/lib/avr5/libc.a(memcpy.o)
 .bss           0x0080029e        0x0 /opt/homebrew/Cellar/avr-gcc@8/8.5.0_3/lib/avr-gcc/8/gcc/avr/8.5.0/../../../../../../avr/lib/avr5/libc.a(memset.o)
 .bss           0x0080029e        0x0 /opt/homebrew/Cellar/avr-gcc@8/8.5.0_3/lib/avr-gcc/8/gcc/avr/8.5.0/../../../../../../avr/lib/avr5/libc.a(strcat.o)
 .bss           0x0080029e        0x0 /opt/homebrew/Cellar/avr-gcc@8/8.5.0_3/lib/avr-gcc/8/gcc/avr/8.5.0/../../../../../../avr/lib/avr5/libc.a(strchr.o)
 .bss           0x0080029e        0x0 /opt/homebrew/Cellar/avr-gcc@8/8.5.0_3/lib/avr-gcc/8/gcc/avr/8.5.0/../../../../../../avr/lib/avr5/libc.a(strcmp.o)
 .bss           0x0080029e        0x0 /opt/homebrew/Cellar/avr-gcc@8/8.5.0_3/lib/avr-gcc/8/gcc/avr/8.5.0/../../../../../../avr/lib/avr5/libc.a(strcpy.o)
 .bss           0x0080029e        0x0 /opt/homebrew/Cellar/avr-gcc@8/8.5.0_3/lib/avr-gcc/8/gcc/avr/8.5.0/../../../../../../avr/lib/avr5/libc.a(strncpy.o)
 .bss           0x0080029e        0x0 /opt/homebrew/Cellar/avr-gcc@8/8.5.0_3/lib/avr-gcc/8/gcc/avr/8.5.0/../../../../../../avr/lib/avr5/libc.a(strstr.o)
 .bss           0x0080029e        0x0 /opt/homebrew/Cellar/avr-gcc@8/8.5.0_3/lib/avr-gcc/8/gcc/avr/8.5.0/../../../../../../avr/lib/avr5/libc.a(utoa_ncheck.o)
 .bss           0x0080029e        0x0 /opt/homebrew/Cellar/avr-gcc@8/8.5.0_3/lib/avr-gcc/8/gcc/avr/8.5.0/../../../../../../avr/lib/avr5/libc.a(sprintf.o)
 .bss           0x0080029e        0x0 /opt/homebrew/Cellar/avr-gcc@8/8.5.0_3/lib/avr-gcc/8/gcc/avr/8.5.0/../../../../../../avr/lib/avr5/libc.a(vfprintf_std.o)
 .bss           0x0080029e        0x0 /opt/homebrew/Cellar/avr-gcc@8/8.5.0_3/lib/avr-gcc/8/gcc/avr/8.5.0/../../../../../../avr/lib/avr5/libc.a(errno.o)
 .bss           0x0080029e        0x0 /opt/homebrew/Cellar/avr-gcc@8/8.5.0_3/lib/avr-gcc/8/gcc/avr/8.5.0/../../../../../../avr/lib/avr5/libc.a(cty_isfalse.o)
 .bss           0x0080029e        0x0 /opt/homebrew/Cellar/avr-gcc@8/8.5.0_3/lib/avr-gcc/8/gcc/avr/8.5.0/../../../../../../avr/lib/avr5/libc.a(strnlen_P.o)
 .bss           0x0080029e        0x0 /opt/homebrew/Cellar/avr-gcc@8/8.5.0_3/lib/avr-gcc/8/gcc/avr/8.5.0/../../../../../../avr/lib/avr5/libc.a(strnlen.o)
 .bss           0x0080029e        0x0 /opt/homebrew/Cellar/avr-gcc@8/8.5.0_3/lib/avr-gcc/8/gcc/avr/8.5.0/../../../../../../avr/lib/avr5/libc.a(strrev.o)
 .bss           0x0080029e        0x0 /opt/homebrew/Cellar/avr-gcc@8/8.5.0_3/lib/avr-gcc/8/gcc/avr/8.5.0/../../../../../../avr/lib/avr5/libc.a(fputc.o)
 .bss           0x0080029e        0x0 /opt/homebrew/Cellar/avr-gcc@8/8.5.0_3/lib/avr-gcc/8/gcc/avr/8.5.0/../../../../../../avr/lib/avr5/libc.a(ultoa_invert.o)
 .bss           0x0080029e        0x0 /opt/homebrew/Cellar/avr-gcc@8/8.5.0_3/lib/avr-gcc/8/gcc/avr/8.5.0/avr5/libgcc.a(_mulsi3.o)
 .bss           0x0080029e        0x0 /opt/homebrew/Cellar/avr-gcc@8/8.5.0_3/lib/avr-gcc/8/gcc/avr/8.5.0/avr5/libgcc.a(_prologue.o)
 .bss           0x0080029e        0x0 /opt/homebrew/Cellar/avr-gcc@8/8.5.0_3/lib/avr-gcc/8/gcc/avr/8.5.0/avr5/libgcc.a(_epilogue.o)
 *(.bss*)
 *(COMMON)
 COMMON         0x0080029e      0x143 main.o
                0x0080029e                stan_wyjscie
                0x0080029f                opoznienie_zatrzymaj_odpytywanie_urzadzenia
                0x008002a0                nie_wysylaj_echa_z_powodu_nietypowego_smsa
                0x008002a1                nazwa_operatora
                0x008002ac                numer_telefonu_wysylanego_smsa
                0x008002cd                bufor_pdu
                0x00800395                numer_skopiowanego_telefonu_do_raportu_uzytkownikow_brama
                0x00800397                numer_telefonu_odebranego_smsa
                0x008003a8                numer_telefonu_do_ktorego_dzwonic
                0x008003c9                licznik_oczekiwanie_na_potwierdzenie_wyslania_znakow
                0x008003ca                liczba_wykonanych_komend_identycznego_polecenia
                0x008003cb                licznik_100ms_dioda_led
                0x008003cc                kod_modulu
                0x008003d0                numer_telefonu_ktory_dzwoni
 COMMON         0x008003e1       0x18 wewy.o
                0x008003e1                licznik_wstrzymanie_alarmow_po_inicjalizacji_100ms
                0x008003e2                licznik_wejscie
                0x008003e3                czas_trwania_impulsu_off_na_wejsciu
                0x008003e7                czas_trwania_impulsu_off
                0x008003eb                stan_logiczny_na_wejsciu
                0x008003ec                licznik_przelacznik_wyjscia
                0x008003f0                czas_trwania_impulsu_na_wejsciu
                0x008003f4                czas_trwania_impulsu
                0x008003f8                poprzedni_stan_logiczny_na_wejsciu
 COMMON         0x008003f9      0x1ac sim900.o
                0x008003f9                czy_jest_nowe_polecenie_SIM900
                0x008003fa                flaga_odebrany_znak_zachety
                0x008003fb                wykonywanie_rozmowy_telefonicznej
                0x008003fc                poczatek_polecenia_SIM900
                0x008003fe                odebrany_blok_SIM900
                0x0080058f                liczba_wysylanych_znakow_SIM900
                0x00800591                zakonczenie_polecenia_SIM900
                0x00800593                czekanie_na_odebranie_zachety
                0x00800594                liczba_odebranych_znakow_SIM900
                0x00800596                liczba_znakow_pdu_do_odebrania
                0x00800598                nr_wyslanego_znaku_SIM900
                0x0080059a                polozenie_otrzymanych_komend_SIM900
                0x008005a4                licznik_opoznienie_oczekiwania_na_bajt_SIM900
 COMMON         0x008005a5        0xb poleceniagsm.o
                0x008005a5                zarejestrowane_komendy_od_SIM900
                0x008005af                liczba_komend_w_kolejce_SIM900
 COMMON         0x008005b0      0x210 pamiec_ram.o
                0x008005b0                tekst_wysylanego_smsa
                0x00800651                wysylany_blok_SIM900
                0x008007af                numer_powiadomien
 COMMON         0x008007c0        0x1 interpretacjaSMS.o
                0x008007c0                nr_usunietego_uzytkownika_z_smsa
 COMMON         0x008007c1       0x2a komendy.o
                0x008007c1                komendy_kolejka
                0x008007cb                bufor_ustaw_czas
 COMMON         0x008007eb       0x38 zapiseeprom.o
                0x008007eb                pozycja_w_eeprom
                0x008007ed                bufor_pomoc_liczba_znakow_do_zapisu
                0x008007ee                czy_zajety_bufor_eeprom
                0x008007ef                bufor_eeprom
                0x00800821                bufor_pomoc_adres_eeprom
 COMMON         0x00800823        0x2 /opt/homebrew/Cellar/avr-gcc@8/8.5.0_3/lib/avr-gcc/8/gcc/avr/8.5.0/../../../../../../avr/lib/avr5/libc.a(errno.o)
                0x00800823                errno
                0x00800825                        PROVIDE (__bss_end = .)
                0x00006c9e                        __data_load_start = LOADADDR (.data)
                0x00006dbc                        __data_load_end = (__data_load_start + SIZEOF (.data))

.noinit         0x00800825        0x0
                [!provide]                        PROVIDE (__noinit_start = .)
 *(.noinit .noinit.* .gnu.linkonce.n.*)
                [!provide]                        PROVIDE (__noinit_end = .)
                0x00800825                        _end = .
                [!provide]                        PROVIDE (__heap_start = .)
                0x00000000                        __flmap_init_label = DEFINED (__flmap_noinit_start)?__flmap_noinit_start:0x0
                0x00000000                        __flmap = DEFINED (__flmap)?__flmap:0x0

.eeprom         0x00810000        0x0
 *(.eeprom*)
                0x00810000                        __eeprom_end = .

.fuse
 *(.fuse)
 *(.lfuse)
 *(.hfuse)
 *(.efuse)

.lock
 *(.lock*)

.signature
 *(.signature*)

.stab
 *(.stab)

.stabstr
 *(.stabstr)

.stab.excl
 *(.stab.excl)

.stab.exclstr
 *(.stab.exclstr)

.stab.index
 *(.stab.index)

.stab.indexstr
 *(.stab.indexstr)

.comment        0x00000000       0x26
 *(.comment)
 .comment       0x00000000       0x26 main.o
                                 0x27 (size before relaxing)
 .comment       0x00000026        0x0 wewy.o
                                 0x27 (size before relaxing)
 .comment       0x00000026        0x0 sim900.o
                                 0x27 (size before relaxing)
 .comment       0x00000026        0x0 poleceniagsm.o
                                 0x27 (size before relaxing)
 .comment       0x00000026        0x0 pamiec_ram.o
                                 0x27 (size before relaxing)
 .comment       0x00000026        0x0 interpretacjaSMS.o
                                 0x27 (size before relaxing)
 .comment       0x00000026        0x0 komendy.o
                                 0x27 (size before relaxing)
 .comment       0x00000026        0x0 konfiguracja.o
                                 0x27 (size before relaxing)
 .comment       0x00000026        0x0 zapiseeprom.o
                                 0x27 (size before relaxing)
 .comment       0x00000026        0x0 pdu.o
                                 0x27 (size before relaxing)
 .comment       0x00000026        0x0 uart1_eeprom.o
                                 0x27 (size before relaxing)
 .comment       0x00000026        0x0 at24c512.o
                                 0x27 (size before relaxing)
 .comment       0x00000026        0x0 eeprom_ext.o
                                 0x27 (size before relaxing)
 .comment       0x00000026        0x0 /opt/homebrew/Cellar/avr-gcc@8/8.5.0_3/lib/avr-gcc/8/gcc/avr/8.5.0/../../../../../../avr/lib/avr5/libc.a(strtol.o)
                                 0x27 (size before relaxing)
 .comment       0x00000026        0x0 /opt/homebrew/Cellar/avr-gcc@8/8.5.0_3/lib/avr-gcc/8/gcc/avr/8.5.0/../../../../../../avr/lib/avr5/libc.a(strtoul.o)
                                 0x27 (size before relaxing)
 .comment       0x00000026        0x0 /opt/homebrew/Cellar/avr-gcc@8/8.5.0_3/lib/avr-gcc/8/gcc/avr/8.5.0/../../../../../../avr/lib/avr5/libc.a(sprintf.o)
                                 0x27 (size before relaxing)
 .comment       0x00000026        0x0 /opt/homebrew/Cellar/avr-gcc@8/8.5.0_3/lib/avr-gcc/8/gcc/avr/8.5.0/../../../../../../avr/lib/avr5/libc.a(vfprintf_std.o)
                                 0x27 (size before relaxing)
 .comment       0x00000026        0x0 /opt/homebrew/Cellar/avr-gcc@8/8.5.0_3/lib/avr-gcc/8/gcc/avr/8.5.0/../../../../../../avr/lib/avr5/libc.a(errno.o)
                                 0x27 (size before relaxing)
 .comment       0x00000026        0x0 /opt/homebrew/Cellar/avr-gcc@8/8.5.0_3/lib/avr-gcc/8/gcc/avr/8.5.0/../../../../../../avr/lib/avr5/libc.a(fputc.o)
                                 0x27 (size before relaxing)

.note.gnu.avr.deviceinfo
                0x00000000       0x40
 .note.gnu.avr.deviceinfo
                0x00000000       0x40 /opt/homebrew/Cellar/avr-gcc@8/8.5.0_3/lib/avr-gcc/8/gcc/avr/8.5.0/../../../../../../avr/lib/avr5/crtatmega328pb.o

.gnu.build.attributes
 *(.gnu.build.attributes .gnu.build.attributes.*)

.note.gnu.build-id
 *(.note.gnu.build-id)

.debug
 *(.debug)

.line
 *(.line)

.debug_srcinfo
 *(.debug_srcinfo)

.debug_sfnames
 *(.debug_sfnames)

.debug_aranges  0x00000000      0x340
 *(.debug_aranges)
 .debug_aranges
                0x00000000       0x28 main.o
 .debug_aranges
                0x00000028       0x20 wewy.o
 .debug_aranges
                0x00000048       0x20 sim900.o
 .debug_aranges
                0x00000068       0x20 poleceniagsm.o
 .debug_aranges
                0x00000088       0x18 pamiec_ram.o
 .debug_aranges
                0x000000a0       0x20 interpretacjaSMS.o
 .debug_aranges
                0x000000c0       0x20 komendy.o
 .debug_aranges
                0x000000e0       0x20 konfiguracja.o
 .debug_aranges
                0x00000100       0x20 zapiseeprom.o
 .debug_aranges
                0x00000120       0x20 pdu.o
 .debug_aranges
                0x00000140       0x20 uart1_eeprom.o
 .debug_aranges
                0x00000160       0x20 at24c512.o
 .debug_aranges
                0x00000180       0x20 eeprom_ext.o
 .debug_aranges
                0x000001a0       0x20 /opt/homebrew/Cellar/avr-gcc@8/8.5.0_3/lib/avr-gcc/8/gcc/avr/8.5.0/avr5/libgcc.a(_udivmodqi4.o)
 .debug_aranges
                0x000001c0       0x20 /opt/homebrew/Cellar/avr-gcc@8/8.5.0_3/lib/avr-gcc/8/gcc/avr/8.5.0/avr5/libgcc.a(_udivmodhi4.o)
 .debug_aranges
                0x000001e0       0x20 /opt/homebrew/Cellar/avr-gcc@8/8.5.0_3/lib/avr-gcc/8/gcc/avr/8.5.0/avr5/libgcc.a(_divmodhi4.o)
 .debug_aranges
                0x00000200       0x20 /opt/homebrew/Cellar/avr-gcc@8/8.5.0_3/lib/avr-gcc/8/gcc/avr/8.5.0/avr5/libgcc.a(_udivmodsi4.o)
 .debug_aranges
                0x00000220       0x20 /opt/homebrew/Cellar/avr-gcc@8/8.5.0_3/lib/avr-gcc/8/gcc/avr/8.5.0/avr5/libgcc.a(_exit.o)
 .debug_aranges
                0x00000240       0x20 /opt/homebrew/Cellar/avr-gcc@8/8.5.0_3/lib/avr-gcc/8/gcc/avr/8.5.0/avr5/libgcc.a(_tablejump2.o)
 .debug_aranges
                0x00000260       0x20 /opt/homebrew/Cellar/avr-gcc@8/8.5.0_3/lib/avr-gcc/8/gcc/avr/8.5.0/avr5/libgcc.a(_copy_data.o)
 .debug_aranges
                0x00000280       0x20 /opt/homebrew/Cellar/avr-gcc@8/8.5.0_3/lib/avr-gcc/8/gcc/avr/8.5.0/avr5/libgcc.a(_clear_bss.o)
 .debug_aranges
                0x000002a0       0x20 /opt/homebrew/Cellar/avr-gcc@8/8.5.0_3/lib/avr-gcc/8/gcc/avr/8.5.0/avr5/libgcc.a(_muluhisi3.o)
 .debug_aranges
                0x000002c0       0x20 /opt/homebrew/Cellar/avr-gcc@8/8.5.0_3/lib/avr-gcc/8/gcc/avr/8.5.0/avr5/libgcc.a(_umulhisi3.o)
 .debug_aranges
                0x000002e0       0x20 /opt/homebrew/Cellar/avr-gcc@8/8.5.0_3/lib/avr-gcc/8/gcc/avr/8.5.0/avr5/libgcc.a(_mulsi3.o)
 .debug_aranges
                0x00000300       0x20 /opt/homebrew/Cellar/avr-gcc@8/8.5.0_3/lib/avr-gcc/8/gcc/avr/8.5.0/avr5/libgcc.a(_prologue.o)
 .debug_aranges
                0x00000320       0x20 /opt/homebrew/Cellar/avr-gcc@8/8.5.0_3/lib/avr-gcc/8/gcc/avr/8.5.0/avr5/libgcc.a(_epilogue.o)

.debug_pubnames
 *(.debug_pubnames)

.debug_info     0x00000000     0xbd38
 *(.debug_info .gnu.linkonce.wi.*)
 .debug_info    0x00000000      0x8ea /opt/homebrew/Cellar/avr-gcc@8/8.5.0_3/lib/avr-gcc/8/gcc/avr/8.5.0/../../../../../../avr/lib/avr5/crtatmega328pb.o
 .debug_info    0x000008ea     0x574a main.o
 .debug_info    0x00006034      0x560 wewy.o
 .debug_info    0x00006594      0x6d4 sim900.o
 .debug_info    0x00006c68      0xaf0 poleceniagsm.o
 .debug_info    0x00007758       0xf1 pamiec_ram.o
 .debug_info    0x00007849     0x17fd interpretacjaSMS.o
 .debug_info    0x00009046      0x644 komendy.o
 .debug_info    0x0000968a      0x725 konfiguracja.o
 .debug_info    0x00009daf      0x589 zapiseeprom.o
 .debug_info    0x0000a338      0x931 pdu.o
 .debug_info    0x0000ac69      0x4db uart1_eeprom.o
 .debug_info    0x0000b144      0x50e at24c512.o
 .debug_info    0x0000b652      0x4f8 eeprom_ext.o
 .debug_info    0x0000bb4a       0x26 /opt/homebrew/Cellar/avr-gcc@8/8.5.0_3/lib/avr-gcc/8/gcc/avr/8.5.0/avr5/libgcc.a(_udivmodqi4.o)
 .debug_info    0x0000bb70       0x26 /opt/homebrew/Cellar/avr-gcc@8/8.5.0_3/lib/avr-gcc/8/gcc/avr/8.5.0/avr5/libgcc.a(_udivmodhi4.o)
 .debug_info    0x0000bb96       0x26 /opt/homebrew/Cellar/avr-gcc@8/8.5.0_3/lib/avr-gcc/8/gcc/avr/8.5.0/avr5/libgcc.a(_divmodhi4.o)
 .debug_info    0x0000bbbc       0x26 /opt/homebrew/Cellar/avr-gcc@8/8.5.0_3/lib/avr-gcc/8/gcc/avr/8.5.0/avr5/libgcc.a(_udivmodsi4.o)
 .debug_info    0x0000bbe2       0x26 /opt/homebrew/Cellar/avr-gcc@8/8.5.0_3/lib/avr-gcc/8/gcc/avr/8.5.0/avr5/libgcc.a(_exit.o)
 .debug_info    0x0000bc08       0x26 /opt/homebrew/Cellar/avr-gcc@8/8.5.0_3/lib/avr-gcc/8/gcc/avr/8.5.0/avr5/libgcc.a(_tablejump2.o)
 .debug_info    0x0000bc2e       0x26 /opt/homebrew/Cellar/avr-gcc@8/8.5.0_3/lib/avr-gcc/8/gcc/avr/8.5.0/avr5/libgcc.a(_copy_data.o)
 .debug_info    0x0000bc54       0x26 /opt/homebrew/Cellar/avr-gcc@8/8.5.0_3/lib/avr-gcc/8/gcc/avr/8.5.0/avr5/libgcc.a(_clear_bss.o)
 .debug_info    0x0000bc7a       0x26 /opt/homebrew/Cellar/avr-gcc@8/8.5.0_3/lib/avr-gcc/8/gcc/avr/8.5.0/avr5/libgcc.a(_muluhisi3.o)
 .debug_info    0x0000bca0       0x26 /opt/homebrew/Cellar/avr-gcc@8/8.5.0_3/lib/avr-gcc/8/gcc/avr/8.5.0/avr5/libgcc.a(_umulhisi3.o)
 .debug_info    0x0000bcc6       0x26 /opt/homebrew/Cellar/avr-gcc@8/8.5.0_3/lib/avr-gcc/8/gcc/avr/8.5.0/avr5/libgcc.a(_mulsi3.o)
 .debug_info    0x0000bcec       0x26 /opt/homebrew/Cellar/avr-gcc@8/8.5.0_3/lib/avr-gcc/8/gcc/avr/8.5.0/avr5/libgcc.a(_prologue.o)
 .debug_info    0x0000bd12       0x26 /opt/homebrew/Cellar/avr-gcc@8/8.5.0_3/lib/avr-gcc/8/gcc/avr/8.5.0/avr5/libgcc.a(_epilogue.o)

.debug_abbrev   0x00000000     0x2a4d
 *(.debug_abbrev)
 .debug_abbrev  0x00000000      0x86e /opt/homebrew/Cellar/avr-gcc@8/8.5.0_3/lib/avr-gcc/8/gcc/avr/8.5.0/../../../../../../avr/lib/avr5/crtatmega328pb.o
 .debug_abbrev  0x0000086e      0x704 main.o
 .debug_abbrev  0x00000f72      0x210 wewy.o
 .debug_abbrev  0x00001182      0x215 sim900.o
 .debug_abbrev  0x00001397      0x24a poleceniagsm.o
 .debug_abbrev  0x000015e1       0x85 pamiec_ram.o
 .debug_abbrev  0x00001666      0x3d9 interpretacjaSMS.o
 .debug_abbrev  0x00001a3f      0x137 komendy.o
 .debug_abbrev  0x00001b76      0x272 konfiguracja.o
 .debug_abbrev  0x00001de8      0x23c zapiseeprom.o
 .debug_abbrev  0x00002024      0x23c pdu.o
 .debug_abbrev  0x00002260      0x26b uart1_eeprom.o
 .debug_abbrev  0x000024cb      0x275 at24c512.o
 .debug_abbrev  0x00002740      0x209 eeprom_ext.o
 .debug_abbrev  0x00002949       0x14 /opt/homebrew/Cellar/avr-gcc@8/8.5.0_3/lib/avr-gcc/8/gcc/avr/8.5.0/avr5/libgcc.a(_udivmodqi4.o)
 .debug_abbrev  0x0000295d       0x14 /opt/homebrew/Cellar/avr-gcc@8/8.5.0_3/lib/avr-gcc/8/gcc/avr/8.5.0/avr5/libgcc.a(_udivmodhi4.o)
 .debug_abbrev  0x00002971       0x14 /opt/homebrew/Cellar/avr-gcc@8/8.5.0_3/lib/avr-gcc/8/gcc/avr/8.5.0/avr5/libgcc.a(_divmodhi4.o)
 .debug_abbrev  0x00002985       0x14 /opt/homebrew/Cellar/avr-gcc@8/8.5.0_3/lib/avr-gcc/8/gcc/avr/8.5.0/avr5/libgcc.a(_udivmodsi4.o)
 .debug_abbrev  0x00002999       0x14 /opt/homebrew/Cellar/avr-gcc@8/8.5.0_3/lib/avr-gcc/8/gcc/avr/8.5.0/avr5/libgcc.a(_exit.o)
 .debug_abbrev  0x000029ad       0x14 /opt/homebrew/Cellar/avr-gcc@8/8.5.0_3/lib/avr-gcc/8/gcc/avr/8.5.0/avr5/libgcc.a(_tablejump2.o)
 .debug_abbrev  0x000029c1       0x14 /opt/homebrew/Cellar/avr-gcc@8/8.5.0_3/lib/avr-gcc/8/gcc/avr/8.5.0/avr5/libgcc.a(_copy_data.o)
 .debug_abbrev  0x000029d5       0x14 /opt/homebrew/Cellar/avr-gcc@8/8.5.0_3/lib/avr-gcc/8/gcc/avr/8.5.0/avr5/libgcc.a(_clear_bss.o)
 .debug_abbrev  0x000029e9       0x14 /opt/homebrew/Cellar/avr-gcc@8/8.5.0_3/lib/avr-gcc/8/gcc/avr/8.5.0/avr5/libgcc.a(_muluhisi3.o)
 .debug_abbrev  0x000029fd       0x14 /opt/homebrew/Cellar/avr-gcc@8/8.5.0_3/lib/avr-gcc/8/gcc/avr/8.5.0/avr5/libgcc.a(_umulhisi3.o)
 .debug_abbrev  0x00002a11       0x14 /opt/homebrew/Cellar/avr-gcc@8/8.5.0_3/lib/avr-gcc/8/gcc/avr/8.5.0/avr5/libgcc.a(_mulsi3.o)
 .debug_abbrev  0x00002a25       0x14 /opt/homebrew/Cellar/avr-gcc@8/8.5.0_3/lib/avr-gcc/8/gcc/avr/8.5.0/avr5/libgcc.a(_prologue.o)
 .debug_abbrev  0x00002a39       0x14 /opt/homebrew/Cellar/avr-gcc@8/8.5.0_3/lib/avr-gcc/8/gcc/avr/8.5.0/avr5/libgcc.a(_epilogue.o)

.debug_line     0x00000000     0xec71
 *(.debug_line .debug_line.* .debug_line_end)
 .debug_line    0x00000000      0x1a6 /opt/homebrew/Cellar/avr-gcc@8/8.5.0_3/lib/avr-gcc/8/gcc/avr/8.5.0/../../../../../../avr/lib/avr5/crtatmega328pb.o
 .debug_line    0x000001a6     0x7f4d main.o
 .debug_line    0x000080f3      0x68a wewy.o
 .debug_line    0x0000877d      0xa74 sim900.o
 .debug_line    0x000091f1      0xa67 poleceniagsm.o
 .debug_line    0x00009c58       0x4c pamiec_ram.o
 .debug_line    0x00009ca4     0x12cb interpretacjaSMS.o
 .debug_line    0x0000af6f      0x39c komendy.o
 .debug_line    0x0000b30b      0x82e konfiguracja.o
 .debug_line    0x0000bb39      0x540 zapiseeprom.o
 .debug_line    0x0000c079     0x10c1 pdu.o
 .debug_line    0x0000d13a      0x7a6 uart1_eeprom.o
 .debug_line    0x0000d8e0      0x719 at24c512.o
 .debug_line    0x0000dff9      0x374 eeprom_ext.o
 .debug_line    0x0000e36d       0x9a /opt/homebrew/Cellar/avr-gcc@8/8.5.0_3/lib/avr-gcc/8/gcc/avr/8.5.0/avr5/libgcc.a(_udivmodqi4.o)
 .debug_line    0x0000e407       0xca /opt/homebrew/Cellar/avr-gcc@8/8.5.0_3/lib/avr-gcc/8/gcc/avr/8.5.0/avr5/libgcc.a(_udivmodhi4.o)
 .debug_line    0x0000e4d1       0xc4 /opt/homebrew/Cellar/avr-gcc@8/8.5.0_3/lib/avr-gcc/8/gcc/avr/8.5.0/avr5/libgcc.a(_divmodhi4.o)
 .debug_line    0x0000e595      0x11e /opt/homebrew/Cellar/avr-gcc@8/8.5.0_3/lib/avr-gcc/8/gcc/avr/8.5.0/avr5/libgcc.a(_udivmodsi4.o)
 .debug_line    0x0000e6b3       0x5e /opt/homebrew/Cellar/avr-gcc@8/8.5.0_3/lib/avr-gcc/8/gcc/avr/8.5.0/avr5/libgcc.a(_exit.o)
 .debug_line    0x0000e711       0x76 /opt/homebrew/Cellar/avr-gcc@8/8.5.0_3/lib/avr-gcc/8/gcc/avr/8.5.0/avr5/libgcc.a(_tablejump2.o)
 .debug_line    0x0000e787       0x94 /opt/homebrew/Cellar/avr-gcc@8/8.5.0_3/lib/avr-gcc/8/gcc/avr/8.5.0/avr5/libgcc.a(_copy_data.o)
 .debug_line    0x0000e81b       0x82 /opt/homebrew/Cellar/avr-gcc@8/8.5.0_3/lib/avr-gcc/8/gcc/avr/8.5.0/avr5/libgcc.a(_clear_bss.o)
 .debug_line    0x0000e89d       0x8e /opt/homebrew/Cellar/avr-gcc@8/8.5.0_3/lib/avr-gcc/8/gcc/avr/8.5.0/avr5/libgcc.a(_muluhisi3.o)
 .debug_line    0x0000e92b       0xac /opt/homebrew/Cellar/avr-gcc@8/8.5.0_3/lib/avr-gcc/8/gcc/avr/8.5.0/avr5/libgcc.a(_umulhisi3.o)
 .debug_line    0x0000e9d7       0xac /opt/homebrew/Cellar/avr-gcc@8/8.5.0_3/lib/avr-gcc/8/gcc/avr/8.5.0/avr5/libgcc.a(_mulsi3.o)
 .debug_line    0x0000ea83       0xfa /opt/homebrew/Cellar/avr-gcc@8/8.5.0_3/lib/avr-gcc/8/gcc/avr/8.5.0/avr5/libgcc.a(_prologue.o)
 .debug_line    0x0000eb7d       0xf4 /opt/homebrew/Cellar/avr-gcc@8/8.5.0_3/lib/avr-gcc/8/gcc/avr/8.5.0/avr5/libgcc.a(_epilogue.o)

.debug_frame    0x00000000      0xea0
 *(.debug_frame)
 .debug_frame   0x00000000      0x4e0 main.o
 .debug_frame   0x000004e0       0x88 wewy.o
 .debug_frame   0x00000568       0xbc sim900.o
 .debug_frame   0x00000624       0xb8 poleceniagsm.o
 .debug_frame   0x000006dc      0x218 interpretacjaSMS.o
 .debug_frame   0x000008f4       0x64 komendy.o
 .debug_frame   0x00000958      0x110 konfiguracja.o
 .debug_frame   0x00000a68       0xb0 zapiseeprom.o
 .debug_frame   0x00000b18      0x14c pdu.o
 .debug_frame   0x00000c64       0x8c uart1_eeprom.o
 .debug_frame   0x00000cf0      0x100 at24c512.o
 .debug_frame   0x00000df0       0xb0 eeprom_ext.o

.debug_str      0x00000000     0x452e
 *(.debug_str)
 .debug_str     0x00000000      0x318 /opt/homebrew/Cellar/avr-gcc@8/8.5.0_3/lib/avr-gcc/8/gcc/avr/8.5.0/../../../../../../avr/lib/avr5/crtatmega328pb.o
 .debug_str     0x00000318     0x4216 main.o
                               0x38d4 (size before relaxing)
 .debug_str     0x0000452e        0x0 wewy.o
                                0x490 (size before relaxing)
 .debug_str     0x0000452e        0x0 sim900.o
                                0x7dc (size before relaxing)
 .debug_str     0x0000452e        0x0 poleceniagsm.o
                                0x836 (size before relaxing)
 .debug_str     0x0000452e        0x0 pamiec_ram.o
                                0x186 (size before relaxing)
 .debug_str     0x0000452e        0x0 interpretacjaSMS.o
                               0x1f51 (size before relaxing)
 .debug_str     0x0000452e        0x0 komendy.o
                               0x1865 (size before relaxing)
 .debug_str     0x0000452e        0x0 konfiguracja.o
                                0x3aa (size before relaxing)
 .debug_str     0x0000452e        0x0 zapiseeprom.o
                                0x351 (size before relaxing)
 .debug_str     0x0000452e        0x0 pdu.o
                                0x3e5 (size before relaxing)
 .debug_str     0x0000452e        0x0 uart1_eeprom.o
                                0x28a (size before relaxing)
 .debug_str     0x0000452e        0x0 at24c512.o
                                0x201 (size before relaxing)
 .debug_str     0x0000452e        0x0 eeprom_ext.o
                                0x251 (size before relaxing)
 .debug_str     0x0000452e        0x0 /opt/homebrew/Cellar/avr-gcc@8/8.5.0_3/lib/avr-gcc/8/gcc/avr/8.5.0/avr5/libgcc.a(_udivmodqi4.o)
                                 0x85 (size before relaxing)
 .debug_str     0x0000452e        0x0 /opt/homebrew/Cellar/avr-gcc@8/8.5.0_3/lib/avr-gcc/8/gcc/avr/8.5.0/avr5/libgcc.a(_udivmodhi4.o)
                                 0x85 (size before relaxing)
 .debug_str     0x0000452e        0x0 /opt/homebrew/Cellar/avr-gcc@8/8.5.0_3/lib/avr-gcc/8/gcc/avr/8.5.0/avr5/libgcc.a(_divmodhi4.o)
                                 0x85 (size before relaxing)
 .debug_str     0x0000452e        0x0 /opt/homebrew/Cellar/avr-gcc@8/8.5.0_3/lib/avr-gcc/8/gcc/avr/8.5.0/avr5/libgcc.a(_udivmodsi4.o)
                                 0x85 (size before relaxing)
 .debug_str     0x0000452e        0x0 /opt/homebrew/Cellar/avr-gcc@8/8.5.0_3/lib/avr-gcc/8/gcc/avr/8.5.0/avr5/libgcc.a(_exit.o)
                                 0x85 (size before relaxing)
 .debug_str     0x0000452e        0x0 /opt/homebrew/Cellar/avr-gcc@8/8.5.0_3/lib/avr-gcc/8/gcc/avr/8.5.0/avr5/libgcc.a(_tablejump2.o)
                                 0x85 (size before relaxing)
 .debug_str     0x0000452e        0x0 /opt/homebrew/Cellar/avr-gcc@8/8.5.0_3/lib/avr-gcc/8/gcc/avr/8.5.0/avr5/libgcc.a(_copy_data.o)
                                 0x85 (size before relaxing)
 .debug_str     0x0000452e        0x0 /opt/homebrew/Cellar/avr-gcc@8/8.5.0_3/lib/avr-gcc/8/gcc/avr/8.5.0/avr5/libgcc.a(_clear_bss.o)
                                 0x85 (size before relaxing)
 .debug_str     0x0000452e        0x0 /opt/homebrew/Cellar/avr-gcc@8/8.5.0_3/lib/avr-gcc/8/gcc/avr/8.5.0/avr5/libgcc.a(_muluhisi3.o)
                                 0x85 (size before relaxing)
 .debug_str     0x0000452e        0x0 /opt/homebrew/Cellar/avr-gcc@8/8.5.0_3/lib/avr-gcc/8/gcc/avr/8.5.0/avr5/libgcc.a(_umulhisi3.o)
                                 0x85 (size before relaxing)
 .debug_str     0x0000452e        0x0 /opt/homebrew/Cellar/avr-gcc@8/8.5.0_3/lib/avr-gcc/8/gcc/avr/8.5.0/avr5/libgcc.a(_mulsi3.o)
                                 0x85 (size before relaxing)
 .debug_str     0x0000452e        0x0 /opt/homebrew/Cellar/avr-gcc@8/8.5.0_3/lib/avr-gcc/8/gcc/avr/8.5.0/avr5/libgcc.a(_prologue.o)
                                 0x85 (size before relaxing)
 .debug_str     0x0000452e        0x0 /opt/homebrew/Cellar/avr-gcc@8/8.5.0_3/lib/avr-gcc/8/gcc/avr/8.5.0/avr5/libgcc.a(_epilogue.o)
                                 0x85 (size before relaxing)

.debug_loc      0x00000000     0x6ea1
 *(.debug_loc)
 .debug_loc     0x00000000     0x2249 main.o
 .debug_loc     0x00002249      0x2d1 wewy.o
 .debug_loc     0x0000251a      0x21d sim900.o
 .debug_loc     0x00002737      0x4ff poleceniagsm.o
 .debug_loc     0x00002c36      0xf9b interpretacjaSMS.o
 .debug_loc     0x00003bd1      0x210 komendy.o
 .debug_loc     0x00003de1      0xa3e konfiguracja.o
 .debug_loc     0x0000481f      0x67d zapiseeprom.o
 .debug_loc     0x00004e9c     0x1355 pdu.o
 .debug_loc     0x000061f1      0x2a5 uart1_eeprom.o
 .debug_loc     0x00006496      0x503 at24c512.o
 .debug_loc     0x00006999      0x508 eeprom_ext.o

.debug_macinfo
 *(.debug_macinfo)

.debug_weaknames
 *(.debug_weaknames)

.debug_funcnames
 *(.debug_funcnames)

.debug_typenames
 *(.debug_typenames)

.debug_varnames
 *(.debug_varnames)

.debug_pubtypes
 *(.debug_pubtypes)

.debug_ranges   0x00000000      0xd60
 *(.debug_ranges)
 .debug_ranges  0x00000000      0x8f0 main.o
 .debug_ranges  0x000008f0       0x40 wewy.o
 .debug_ranges  0x00000930       0x18 sim900.o
 .debug_ranges  0x00000948       0x58 poleceniagsm.o
 .debug_ranges  0x000009a0       0xe0 interpretacjaSMS.o
 .debug_ranges  0x00000a80       0x68 komendy.o
 .debug_ranges  0x00000ae8       0x80 konfiguracja.o
 .debug_ranges  0x00000b68       0x38 zapiseeprom.o
 .debug_ranges  0x00000ba0      0x130 pdu.o
 .debug_ranges  0x00000cd0       0x60 uart1_eeprom.o
 .debug_ranges  0x00000d30       0x30 at24c512.o

.debug_addr
 *(.debug_addr)

.debug_line_str
 *(.debug_line_str)

.debug_loclists
 *(.debug_loclists)

.debug_macro
 *(.debug_macro)

.debug_names
 *(.debug_names)

.debug_rnglists
 *(.debug_rnglists)

.debug_str_offsets
 *(.debug_str_offsets)

.debug_sup
 *(.debug_sup)
OUTPUT(AC200-DTM-F.elf elf32-avr)
LOAD linker stubs

Cross Reference Table

Symbol                                            File
__DATA_REGION_LENGTH__                            /opt/homebrew/Cellar/avr-gcc@8/8.5.0_3/lib/avr-gcc/8/gcc/avr/8.5.0/../../../../../../avr/lib/avr5/crtatmega328pb.o
__DATA_REGION_ORIGIN__                            /opt/homebrew/Cellar/avr-gcc@8/8.5.0_3/lib/avr-gcc/8/gcc/avr/8.5.0/../../../../../../avr/lib/avr5/crtatmega328pb.o
__EEPROM_REGION_LENGTH__                          /opt/homebrew/Cellar/avr-gcc@8/8.5.0_3/lib/avr-gcc/8/gcc/avr/8.5.0/../../../../../../avr/lib/avr5/crtatmega328pb.o
__FUSE_REGION_LENGTH__                            /opt/homebrew/Cellar/avr-gcc@8/8.5.0_3/lib/avr-gcc/8/gcc/avr/8.5.0/../../../../../../avr/lib/avr5/crtatmega328pb.o
__TEXT_REGION_LENGTH__                            /opt/homebrew/Cellar/avr-gcc@8/8.5.0_3/lib/avr-gcc/8/gcc/avr/8.5.0/../../../../../../avr/lib/avr5/crtatmega328pb.o
__TEXT_REGION_ORIGIN__                            /opt/homebrew/Cellar/avr-gcc@8/8.5.0_3/lib/avr-gcc/8/gcc/avr/8.5.0/../../../../../../avr/lib/avr5/crtatmega328pb.o
__bad_interrupt                                   /opt/homebrew/Cellar/avr-gcc@8/8.5.0_3/lib/avr-gcc/8/gcc/avr/8.5.0/../../../../../../avr/lib/avr5/crtatmega328pb.o
__bss_end                                         /opt/homebrew/Cellar/avr-gcc@8/8.5.0_3/lib/avr-gcc/8/gcc/avr/8.5.0/avr5/libgcc.a(_clear_bss.o)
__bss_start                                       /opt/homebrew/Cellar/avr-gcc@8/8.5.0_3/lib/avr-gcc/8/gcc/avr/8.5.0/avr5/libgcc.a(_clear_bss.o)
__ctype_isfalse                                   /opt/homebrew/Cellar/avr-gcc@8/8.5.0_3/lib/avr-gcc/8/gcc/avr/8.5.0/../../../../../../avr/lib/avr5/libc.a(cty_isfalse.o)
                                                  /opt/homebrew/Cellar/avr-gcc@8/8.5.0_3/lib/avr-gcc/8/gcc/avr/8.5.0/../../../../../../avr/lib/avr5/libc.a(isspace.o)
__ctype_istrue                                    /opt/homebrew/Cellar/avr-gcc@8/8.5.0_3/lib/avr-gcc/8/gcc/avr/8.5.0/../../../../../../avr/lib/avr5/libc.a(cty_isfalse.o)
__data_end                                        /opt/homebrew/Cellar/avr-gcc@8/8.5.0_3/lib/avr-gcc/8/gcc/avr/8.5.0/avr5/libgcc.a(_copy_data.o)
__data_load_start                                 /opt/homebrew/Cellar/avr-gcc@8/8.5.0_3/lib/avr-gcc/8/gcc/avr/8.5.0/avr5/libgcc.a(_copy_data.o)
__data_start                                      /opt/homebrew/Cellar/avr-gcc@8/8.5.0_3/lib/avr-gcc/8/gcc/avr/8.5.0/avr5/libgcc.a(_copy_data.o)
__divmodhi4                                       /opt/homebrew/Cellar/avr-gcc@8/8.5.0_3/lib/avr-gcc/8/gcc/avr/8.5.0/avr5/libgcc.a(_divmodhi4.o)
                                                  main.o
__do_clear_bss                                    /opt/homebrew/Cellar/avr-gcc@8/8.5.0_3/lib/avr-gcc/8/gcc/avr/8.5.0/avr5/libgcc.a(_clear_bss.o)
                                                  /opt/homebrew/Cellar/avr-gcc@8/8.5.0_3/lib/avr-gcc/8/gcc/avr/8.5.0/../../../../../../avr/lib/avr5/libc.a(errno.o)
                                                  uart1_eeprom.o
                                                  zapiseeprom.o
                                                  komendy.o
                                                  interpretacjaSMS.o
                                                  pamiec_ram.o
                                                  poleceniagsm.o
                                                  sim900.o
                                                  wewy.o
                                                  main.o
__do_copy_data                                    /opt/homebrew/Cellar/avr-gcc@8/8.5.0_3/lib/avr-gcc/8/gcc/avr/8.5.0/avr5/libgcc.a(_copy_data.o)
                                                  uart1_eeprom.o
                                                  komendy.o