main.c:258:20:aktualizuj_min_wolnego_ram	5	static
main.c:445:20:watchdog_sms_disarm	2	static
main.c:479:13:usun_zablokowany_sms	2	static
main.c:494:13:zareaguj_na_usuniety_sms_z_powodu_limitu	2	static
main.c:458:13:wyczysc_zewnetrzny_eeprom	4	static
main_sim900.h:50:15:polozenie_polecenia_SIM900	2	static
main.c:2096:13:opoznienie_startowe	2	static
test_pcb.h:1:6:test_dioda_wyjscia	2	static
test_pcb.h:19:6:test_wejscie	2	static
main.c:103:1:__vector_14	10	static
main.c:157:6:generuj_raport_sieci	6	static
main.c:187:6:generuj_raport_uzytkownikow_1	14	static
main.c:219:6:generuj_raport_uzytkownikow	10	static
main.c:264:6:generuj_raport_stanu_urzadzenia	14	static
main.c:374:6:wymus_wylaczenie_wyjscia	2	static
main.c:381:6:ustaw_wyjscie_clip	2	static
main.c:412:6:sprawdz_blokade_serwisowa	2	static
main.c:506:6:wykonanie_polecenia_sms	58	dynamic,bounded
main.c:985:6:steruj_wejsciem_reset_100ms	2	static
main.c:1006:7:sprawdz_przychodzaca_rozmowe	4	static
main.c:1086:6:zakonczono_rozmowe_telefoniczna	2	static
main.c:1130:6:zakonczono_wysylanie_smsa	2	static
main.c:1137:6:problem_z_wyslaniem_powiadomienia	2	static
main_sim900.h:6:6:wyzerowanie_danych_SIM900	2	static
main_sim900.h:20:6:reset_modulu_SIM900	2	static
main_sim900.h:54:6:obsluga_wysylania_sms	2	static
main_sim900.h:138:6:odpowiedz_na_polecenie	6	static
main_sim900.h:551:6:obsluga_komendy_SIM900	6	static
main_sim900.h:758:7:wyslanie_polecenia_ROM	3	static
main_sim900.h:777:6:wyslij_sms	5	static
main_sim900.h:834:7:wykonanie_komend_SIM900	11	static
main_sim900.h:1289:6:steruj_SIM900_100MS	2	static
main_sim900.h:1389:6:steruj_SIM900_10MS	2	static
main.c:1456:7:wykonanie_komend_powiadomien	76	dynamic,bounded
main.c:1606:6:test_sms_clip_100ms	2	static
main.c:1627:6:steruj_wejscia_wyjscia_100ms	2	static
main.c:1633:6:zapis_w_eeprom_stanu_wyjsc	5	static
main.c:1656:6:steruj_urzadzeniem_100MS	9	static
main.c:1916:6:steruj_urzadzeniem_10MS	2	static
main.c:1924:6:wolne_zdarzenie_timer	2	static
main.c:1960:6:ustaw_parametry_dla_bezpieczenstwa	2	static
main.c:1966:6:inicjalizuj_parametry_modulu	5	static
main.c:1212:7:wykonanie_komend_ukladow	27	static
main.c:1594:6:wykonanie_komend	2	static
main.c:2104:5:main	2	static
